Archive member included to satisfy reference by file (symbol)

/home/lauren/Downloads/stm32cubeide_1.1.0/plugins/com.st.stm32cube.ide.mcu.externaltools.gnu-tools-for-stm32.7-2018-q2-update.linux64_1.0.0.201904181610/tools/bin/../lib/gcc/arm-none-eabi/7.3.1/../../../../arm-none-eabi/lib/thumb/v7e-m/fpv5/hard/libc_nano.a(lib_a-errno.o)
                              Core/Src/syscalls.o (__errno)
/home/lauren/Downloads/stm32cubeide_1.1.0/plugins/com.st.stm32cube.ide.mcu.externaltools.gnu-tools-for-stm32.7-2018-q2-update.linux64_1.0.0.201904181610/tools/bin/../lib/gcc/arm-none-eabi/7.3.1/../../../../arm-none-eabi/lib/thumb/v7e-m/fpv5/hard/libc_nano.a(lib_a-exit.o)
                              /home/lauren/Downloads/stm32cubeide_1.1.0/plugins/com.st.stm32cube.ide.mcu.externaltools.gnu-tools-for-stm32.7-2018-q2-update.linux64_1.0.0.201904181610/tools/bin/../lib/gcc/arm-none-eabi/7.3.1/../../../../arm-none-eabi/lib/thumb/v7e-m/fpv5/hard/crt0.o (exit)
/home/lauren/Downloads/stm32cubeide_1.1.0/plugins/com.st.stm32cube.ide.mcu.externaltools.gnu-tools-for-stm32.7-2018-q2-update.linux64_1.0.0.201904181610/tools/bin/../lib/gcc/arm-none-eabi/7.3.1/../../../../arm-none-eabi/lib/thumb/v7e-m/fpv5/hard/libc_nano.a(lib_a-impure.o)
                              /home/lauren/Downloads/stm32cubeide_1.1.0/plugins/com.st.stm32cube.ide.mcu.externaltools.gnu-tools-for-stm32.7-2018-q2-update.linux64_1.0.0.201904181610/tools/bin/../lib/gcc/arm-none-eabi/7.3.1/../../../../arm-none-eabi/lib/thumb/v7e-m/fpv5/hard/libc_nano.a(lib_a-exit.o) (_global_impure_ptr)
/home/lauren/Downloads/stm32cubeide_1.1.0/plugins/com.st.stm32cube.ide.mcu.externaltools.gnu-tools-for-stm32.7-2018-q2-update.linux64_1.0.0.201904181610/tools/bin/../lib/gcc/arm-none-eabi/7.3.1/../../../../arm-none-eabi/lib/thumb/v7e-m/fpv5/hard/libc_nano.a(lib_a-init.o)
                              /home/lauren/Downloads/stm32cubeide_1.1.0/plugins/com.st.stm32cube.ide.mcu.externaltools.gnu-tools-for-stm32.7-2018-q2-update.linux64_1.0.0.201904181610/tools/bin/../lib/gcc/arm-none-eabi/7.3.1/../../../../arm-none-eabi/lib/thumb/v7e-m/fpv5/hard/crt0.o (__libc_init_array)
/home/lauren/Downloads/stm32cubeide_1.1.0/plugins/com.st.stm32cube.ide.mcu.externaltools.gnu-tools-for-stm32.7-2018-q2-update.linux64_1.0.0.201904181610/tools/bin/../lib/gcc/arm-none-eabi/7.3.1/../../../../arm-none-eabi/lib/thumb/v7e-m/fpv5/hard/libc_nano.a(lib_a-memset.o)
                              /home/lauren/Downloads/stm32cubeide_1.1.0/plugins/com.st.stm32cube.ide.mcu.externaltools.gnu-tools-for-stm32.7-2018-q2-update.linux64_1.0.0.201904181610/tools/bin/../lib/gcc/arm-none-eabi/7.3.1/../../../../arm-none-eabi/lib/thumb/v7e-m/fpv5/hard/crt0.o (memset)
/home/lauren/Downloads/stm32cubeide_1.1.0/plugins/com.st.stm32cube.ide.mcu.externaltools.gnu-tools-for-stm32.7-2018-q2-update.linux64_1.0.0.201904181610/tools/bin/../lib/gcc/arm-none-eabi/7.3.1/thumb/v7e-m/fpv5/hard/libgcc.a(_aeabi_uldivmod.o)
                              Drivers/STM32H7xx_HAL_Driver/Src/stm32h7xx_hal_uart.o (__aeabi_uldivmod)
/home/lauren/Downloads/stm32cubeide_1.1.0/plugins/com.st.stm32cube.ide.mcu.externaltools.gnu-tools-for-stm32.7-2018-q2-update.linux64_1.0.0.201904181610/tools/bin/../lib/gcc/arm-none-eabi/7.3.1/thumb/v7e-m/fpv5/hard/libgcc.a(_udivmoddi4.o)
                              /home/lauren/Downloads/stm32cubeide_1.1.0/plugins/com.st.stm32cube.ide.mcu.externaltools.gnu-tools-for-stm32.7-2018-q2-update.linux64_1.0.0.201904181610/tools/bin/../lib/gcc/arm-none-eabi/7.3.1/thumb/v7e-m/fpv5/hard/libgcc.a(_aeabi_uldivmod.o) (__udivmoddi4)
/home/lauren/Downloads/stm32cubeide_1.1.0/plugins/com.st.stm32cube.ide.mcu.externaltools.gnu-tools-for-stm32.7-2018-q2-update.linux64_1.0.0.201904181610/tools/bin/../lib/gcc/arm-none-eabi/7.3.1/thumb/v7e-m/fpv5/hard/libgcc.a(_dvmd_tls.o)
                              /home/lauren/Downloads/stm32cubeide_1.1.0/plugins/com.st.stm32cube.ide.mcu.externaltools.gnu-tools-for-stm32.7-2018-q2-update.linux64_1.0.0.201904181610/tools/bin/../lib/gcc/arm-none-eabi/7.3.1/thumb/v7e-m/fpv5/hard/libgcc.a(_aeabi_uldivmod.o) (__aeabi_ldiv0)

Allocating common symbols
Common symbol       size              file

hi2c4               0x4c              Core/Src/main.o
hspi2               0x88              Core/Src/main.o
huart3              0x8c              Core/Src/main.o
hi2c1               0x4c              Core/Src/main.o
hpcd_USB_OTG_FS     0x408             Core/Src/main.o
hsd1                0x80              Core/Src/main.o
uwTick              0x4               Drivers/STM32H7xx_HAL_Driver/Src/stm32h7xx_hal.o
pFlash              0x1c              Drivers/STM32H7xx_HAL_Driver/Src/stm32h7xx_hal_flash.o
hltdc               0xa8              Core/Src/main.o
hhcd_USB_OTG_HS     0x2c4             Core/Src/main.o
hspi4               0x88              Core/Src/main.o
hdma2d              0x60              Core/Src/main.o
hspi1               0x88              Core/Src/main.o
huart2              0x8c              Core/Src/main.o
[...]
Memory Configuration

Name             Origin             Length             Attributes
DTCMRAM          0x0000000020000000 0x0000000000020000 xrw
ITCMRAM          0x0000000000000000 0x0000000000010000 xrw
RAM_D1           0x0000000024000000 0x0000000000080000 xrw
RAM_D2           0x0000000030000000 0x0000000000048000 xrw
RAM_D3           0x0000000038000000 0x0000000000010000 xrw
FLASH            0x0000000008000000 0x0000000000200000 xr
*default*        0x0000000000000000 0xffffffffffffffff

Linker script and memory map

LOAD /home/lauren/Downloads/stm32cubeide_1.1.0/plugins/com.st.stm32cube.ide.mcu.externaltools.gnu-tools-for-stm32.7-2018-q2-update.linux64_1.0.0.201904181610/tools/bin/../lib/gcc/arm-none-eabi/7.3.1/thumb/v7e-m/fpv5/hard/crti.o
LOAD /home/lauren/Downloads/stm32cubeide_1.1.0/plugins/com.st.stm32cube.ide.mcu.externaltools.gnu-tools-for-stm32.7-2018-q2-update.linux64_1.0.0.201904181610/tools/bin/../lib/gcc/arm-none-eabi/7.3.1/thumb/v7e-m/fpv5/hard/crtbegin.o
LOAD /home/lauren/Downloads/stm32cubeide_1.1.0/plugins/com.st.stm32cube.ide.mcu.externaltools.gnu-tools-for-stm32.7-2018-q2-update.linux64_1.0.0.201904181610/tools/bin/../lib/gcc/arm-none-eabi/7.3.1/../../../../arm-none-eabi/lib/thumb/v7e-m/fpv5/hard/crt0.o
LOAD Core/Src/main.o
LOAD Core/Src/stm32h7xx_hal_msp.o
LOAD Core/Src/stm32h7xx_it.o
LOAD Core/Src/syscalls.o
LOAD Core/Src/sysmem.o
LOAD Core/Src/system_stm32h7xx.o
LOAD Core/Startup/startup_stm32h743zitx.o
LOAD Drivers/STM32H7xx_HAL_Driver/Src/stm32h7xx_hal.o
LOAD Drivers/STM32H7xx_HAL_Driver/Src/stm32h7xx_hal_cortex.o
LOAD Drivers/STM32H7xx_HAL_Driver/Src/stm32h7xx_hal_dma.o
LOAD Drivers/STM32H7xx_HAL_Driver/Src/stm32h7xx_hal_dma2d.o
LOAD Drivers/STM32H7xx_HAL_Driver/Src/stm32h7xx_hal_dma_ex.o
LOAD Drivers/STM32H7xx_HAL_Driver/Src/stm32h7xx_hal_dsi.o
LOAD Drivers/STM32H7xx_HAL_Driver/Src/stm32h7xx_hal_exti.o
LOAD Drivers/STM32H7xx_HAL_Driver/Src/stm32h7xx_hal_flash.o
LOAD Drivers/STM32H7xx_HAL_Driver/Src/stm32h7xx_hal_flash_ex.o
LOAD Drivers/STM32H7xx_HAL_Driver/Src/stm32h7xx_hal_gpio.o
LOAD Drivers/STM32H7xx_HAL_Driver/Src/stm32h7xx_hal_hcd.o
LOAD Drivers/STM32H7xx_HAL_Driver/Src/stm32h7xx_hal_hsem.o
LOAD Drivers/STM32H7xx_HAL_Driver/Src/stm32h7xx_hal_i2c.o
LOAD Drivers/STM32H7xx_HAL_Driver/Src/stm32h7xx_hal_i2c_ex.o
LOAD Drivers/STM32H7xx_HAL_Driver/Src/stm32h7xx_hal_i2s.o
LOAD Drivers/STM32H7xx_HAL_Driver/Src/stm32h7xx_hal_i2s_ex.o
LOAD Drivers/STM32H7xx_HAL_Driver/Src/stm32h7xx_hal_ltdc.o
LOAD Drivers/STM32H7xx_HAL_Driver/Src/stm32h7xx_hal_ltdc_ex.o
LOAD Drivers/STM32H7xx_HAL_Driver/Src/stm32h7xx_hal_mdma.o
LOAD Drivers/STM32H7xx_HAL_Driver/Src/stm32h7xx_hal_pcd.o
LOAD Drivers/STM32H7xx_HAL_Driver/Src/stm32h7xx_hal_pcd_ex.o
LOAD Drivers/STM32H7xx_HAL_Driver/Src/stm32h7xx_hal_pwr.o
LOAD Drivers/STM32H7xx_HAL_Driver/Src/stm32h7xx_hal_pwr_ex.o
LOAD Drivers/STM32H7xx_HAL_Driver/Src/stm32h7xx_hal_rcc.o
LOAD Drivers/STM32H7xx_HAL_Driver/Src/stm32h7xx_hal_rcc_ex.o
LOAD Drivers/STM32H7xx_HAL_Driver/Src/stm32h7xx_hal_sd.o
LOAD Drivers/STM32H7xx_HAL_Driver/Src/stm32h7xx_hal_sd_ex.o
LOAD Drivers/STM32H7xx_HAL_Driver/Src/stm32h7xx_hal_sdram.o
LOAD Drivers/STM32H7xx_HAL_Driver/Src/stm32h7xx_hal_spi.o
LOAD Drivers/STM32H7xx_HAL_Driver/Src/stm32h7xx_hal_spi_ex.o
LOAD Drivers/STM32H7xx_HAL_Driver/Src/stm32h7xx_hal_tim.o
LOAD Drivers/STM32H7xx_HAL_Driver/Src/stm32h7xx_hal_tim_ex.o
LOAD Drivers/STM32H7xx_HAL_Driver/Src/stm32h7xx_hal_uart.o
LOAD Drivers/STM32H7xx_HAL_Driver/Src/stm32h7xx_hal_uart_ex.o
LOAD Drivers/STM32H7xx_HAL_Driver/Src/stm32h7xx_ll_delayblock.o
LOAD Drivers/STM32H7xx_HAL_Driver/Src/stm32h7xx_ll_fmc.o
LOAD Drivers/STM32H7xx_HAL_Driver/Src/stm32h7xx_ll_sdmmc.o
LOAD Drivers/STM32H7xx_HAL_Driver/Src/stm32h7xx_ll_usb.o
START GROUP
LOAD /home/lauren/Downloads/stm32cubeide_1.1.0/plugins/com.st.stm32cube.ide.mcu.externaltools.gnu-tools-for-stm32.7-2018-q2-update.linux64_1.0.0.201904181610/tools/bin/../lib/gcc/arm-none-eabi/7.3.1/../../../../arm-none-eabi/lib/thumb/v7e-m/fpv5/hard/libc_nano.a
LOAD /home/lauren/Downloads/stm32cubeide_1.1.0/plugins/com.st.stm32cube.ide.mcu.externaltools.gnu-tools-for-stm32.7-2018-q2-update.linux64_1.0.0.201904181610/tools/bin/../lib/gcc/arm-none-eabi/7.3.1/../../../../arm-none-eabi/lib/thumb/v7e-m/fpv5/hard/libm.a
END GROUP
START GROUP
LOAD /home/lauren/Downloads/stm32cubeide_1.1.0/plugins/com.st.stm32cube.ide.mcu.externaltools.gnu-tools-for-stm32.7-2018-q2-update.linux64_1.0.0.201904181610/tools/bin/../lib/gcc/arm-none-eabi/7.3.1/thumb/v7e-m/fpv5/hard/libgcc.a
LOAD /home/lauren/Downloads/stm32cubeide_1.1.0/plugins/com.st.stm32cube.ide.mcu.externaltools.gnu-tools-for-stm32.7-2018-q2-update.linux64_1.0.0.201904181610/tools/bin/../lib/gcc/arm-none-eabi/7.3.1/../../../../arm-none-eabi/lib/thumb/v7e-m/fpv5/hard/libc_nano.a
END GROUP
START GROUP
LOAD /home/lauren/Downloads/stm32cubeide_1.1.0/plugins/com.st.stm32cube.ide.mcu.externaltools.gnu-tools-for-stm32.7-2018-q2-update.linux64_1.0.0.201904181610/tools/bin/../lib/gcc/arm-none-eabi/7.3.1/thumb/v7e-m/fpv5/hard/libgcc.a
LOAD /home/lauren/Downloads/stm32cubeide_1.1.0/plugins/com.st.stm32cube.ide.mcu.externaltools.gnu-tools-for-stm32.7-2018-q2-update.linux64_1.0.0.201904181610/tools/bin/../lib/gcc/arm-none-eabi/7.3.1/../../../../arm-none-eabi/lib/thumb/v7e-m/fpv5/hard/libc_nano.a
LOAD /home/lauren/Downloads/stm32cubeide_1.1.0/plugins/com.st.stm32cube.ide.mcu.externaltools.gnu-tools-for-stm32.7-2018-q2-update.linux64_1.0.0.201904181610/tools/bin/../lib/gcc/arm-none-eabi/7.3.1/../../../../arm-none-eabi/lib/thumb/v7e-m/fpv5/hard/libnosys.a
END GROUP
START GROUP
LOAD /home/lauren/Downloads/stm32cubeide_1.1.0/plugins/com.st.stm32cube.ide.mcu.externaltools.gnu-tools-for-stm32.7-2018-q2-update.linux64_1.0.0.201904181610/tools/bin/../lib/gcc/arm-none-eabi/7.3.1/thumb/v7e-m/fpv5/hard/libgcc.a
LOAD /home/lauren/Downloads/stm32cubeide_1.1.0/plugins/com.st.stm32cube.ide.mcu.externaltools.gnu-tools-for-stm32.7-2018-q2-update.linux64_1.0.0.201904181610/tools/bin/../lib/gcc/arm-none-eabi/7.3.1/../../../../arm-none-eabi/lib/thumb/v7e-m/fpv5/hard/libc_nano.a
LOAD /home/lauren/Downloads/stm32cubeide_1.1.0/plugins/com.st.stm32cube.ide.mcu.externaltools.gnu-tools-for-stm32.7-2018-q2-update.linux64_1.0.0.201904181610/tools/bin/../lib/gcc/arm-none-eabi/7.3.1/../../../../arm-none-eabi/lib/thumb/v7e-m/fpv5/hard/libnosys.a
END GROUP
LOAD /home/lauren/Downloads/stm32cubeide_1.1.0/plugins/com.st.stm32cube.ide.mcu.externaltools.gnu-tools-for-stm32.7-2018-q2-update.linux64_1.0.0.201904181610/tools/bin/../lib/gcc/arm-none-eabi/7.3.1/thumb/v7e-m/fpv5/hard/crtend.o
LOAD /home/lauren/Downloads/stm32cubeide_1.1.0/plugins/com.st.stm32cube.ide.mcu.externaltools.gnu-tools-for-stm32.7-2018-q2-update.linux64_1.0.0.201904181610/tools/bin/../lib/gcc/arm-none-eabi/7.3.1/thumb/v7e-m/fpv5/hard/crtn.o
                0x0000000024080000                _estack = (ORIGIN (RAM_D1) + LENGTH (RAM_D1))
                0x0000000000000200                _Min_Heap_Size = 0x200
                0x0000000000000400                _Min_Stack_Size = 0x400

.isr_vector     0x0000000008000000      0x298
                0x0000000008000000                . = ALIGN (0x4)
 *(.isr_vector)
 .isr_vector    0x0000000008000000      0x298 Core/Startup/startup_stm32h743zitx.o
                0x0000000008000000                g_pfnVectors
                0x0000000008000298                . = ALIGN (0x4)

.text           0x0000000008000298     0xacc4
                0x0000000008000298                . = ALIGN (0x4)
 *(.text)
 .text          0x0000000008000298       0x40 /home/lauren/Downloads/stm32cubeide_1.1.0/plugins/com.st.stm32cube.ide.mcu.externaltools.gnu-tools-for-stm32.7-2018-q2-update.linux64_1.0.0.201904181610/tools/bin/../lib/gcc/arm-none-eabi/7.3.1/thumb/v7e-m/fpv5/hard/crtbegin.o
 .text          0x00000000080002d8       0x30 /home/lauren/Downloads/stm32cubeide_1.1.0/plugins/com.st.stm32cube.ide.mcu.externaltools.gnu-tools-for-stm32.7-2018-q2-update.linux64_1.0.0.201904181610/tools/bin/../lib/gcc/arm-none-eabi/7.3.1/thumb/v7e-m/fpv5/hard/libgcc.a(_aeabi_uldivmod.o)
                0x00000000080002d8                __aeabi_uldivmod
 .text          0x0000000008000308      0x2cc /home/lauren/Downloads/stm32cubeide_1.1.0/plugins/com.st.stm32cube.ide.mcu.externaltools.gnu-tools-for-stm32.7-2018-q2-update.linux64_1.0.0.201904181610/tools/bin/../lib/gcc/arm-none-eabi/7.3.1/thumb/v7e-m/fpv5/hard/libgcc.a(_udivmoddi4.o)
                0x0000000008000308                __udivmoddi4
 .text          0x00000000080005d4        0x4 /home/lauren/Downloads/stm32cubeide_1.1.0/plugins/com.st.stm32cube.ide.mcu.externaltools.gnu-tools-for-stm32.7-2018-q2-update.linux64_1.0.0.201904181610/tools/bin/../lib/gcc/arm-none-eabi/7.3.1/thumb/v7e-m/fpv5/hard/libgcc.a(_dvmd_tls.o)
                0x00000000080005d4                __aeabi_ldiv0
                0x00000000080005d4                __aeabi_idiv0
 *(.text*)
 .text.SCB_EnableICache
                0x00000000080005d8       0x40 Core/Src/main.o
 .text.SCB_EnableDCache
                0x0000000008000618       0x80 Core/Src/main.o
 .text.main     0x0000000008000698       0x52 Core/Src/main.o
                0x0000000008000698                main
 *fill*         0x00000000080006ea        0x2 
 .text.SystemClock_Config
                0x00000000080006ec      0x204 Core/Src/main.o
                0x00000000080006ec                SystemClock_Config
 .text.MX_DMA2D_Init
                0x00000000080008f0       0x68 Core/Src/main.o
 .text.MX_I2C1_Init
                0x0000000008000958       0x80 Core/Src/main.o
 .text.MX_I2C4_Init
                0x00000000080009d8       0x80 Core/Src/main.o
 .text.MX_I2S3_Init
                0x0000000008000a58       0x64 Core/Src/main.o
 .text.MX_LTDC_Init
                0x0000000008000abc      0x164 Core/Src/main.o
 .text.MX_SDMMC1_SD_Init
                0x0000000008000c20       0x48 Core/Src/main.o
 .text.MX_SPI1_Init
                0x0000000008000c68       0xac Core/Src/main.o
 .text.MX_SPI2_Init
                0x0000000008000d14       0xac Core/Src/main.o
 .text.MX_SPI4_Init
                0x0000000008000dc0       0xac Core/Src/main.o
 .text.MX_USART2_UART_Init
                0x0000000008000e6c       0x98 Core/Src/main.o
 .text.MX_USART3_UART_Init
                0x0000000008000f04       0x98 Core/Src/main.o
 .text.MX_USB_OTG_FS_PCD_Init
                0x0000000008000f9c       0x64 Core/Src/main.o
 .text.MX_USB_OTG_HS_HCD_Init
                0x0000000008001000       0x50 Core/Src/main.o
 .text.MX_FMC_Init
                0x0000000008001050       0x9c Core/Src/main.o
 .text.MX_GPIO_Init
                0x00000000080010ec       0xe8 Core/Src/main.o
 .text.Error_Handler
                0x00000000080011d4        0xe Core/Src/main.o
                0x00000000080011d4                Error_Handler
 *fill*         0x00000000080011e2        0x2 
 .text.HAL_MspInit
                0x00000000080011e4       0x34 Core/Src/stm32h7xx_hal_msp.o
                0x00000000080011e4                HAL_MspInit
 .text.HAL_DMA2D_MspInit
                0x0000000008001218       0x44 Core/Src/stm32h7xx_hal_msp.o
                0x0000000008001218                HAL_DMA2D_MspInit
 .text.HAL_I2C_MspInit
                0x000000000800125c      0x104 Core/Src/stm32h7xx_hal_msp.o
                0x000000000800125c                HAL_I2C_MspInit
 .text.HAL_I2S_MspInit
                0x0000000008001360       0xf8 Core/Src/stm32h7xx_hal_msp.o
                0x0000000008001360                HAL_I2S_MspInit
 .text.HAL_LTDC_MspInit
                0x0000000008001458      0x24c Core/Src/stm32h7xx_hal_msp.o
                0x0000000008001458                HAL_LTDC_MspInit
 .text.HAL_SD_MspInit
                0x00000000080016a4       0xd8 Core/Src/stm32h7xx_hal_msp.o
                0x00000000080016a4                HAL_SD_MspInit
 .text.HAL_SPI_MspInit
                0x000000000800177c      0x1fc Core/Src/stm32h7xx_hal_msp.o
                0x000000000800177c                HAL_SPI_MspInit
 .text.HAL_UART_MspInit
                0x0000000008001978      0x100 Core/Src/stm32h7xx_hal_msp.o
                0x0000000008001978                HAL_UART_MspInit
 .text.HAL_PCD_MspInit
                0x0000000008001a78       0x94 Core/Src/stm32h7xx_hal_msp.o
                0x0000000008001a78                HAL_PCD_MspInit
 .text.HAL_HCD_MspInit
                0x0000000008001b0c       0xb0 Core/Src/stm32h7xx_hal_msp.o
                0x0000000008001b0c                HAL_HCD_MspInit
 .text.HAL_FMC_MspInit
                0x0000000008001bbc      0x128 Core/Src/stm32h7xx_hal_msp.o
 .text.HAL_SDRAM_MspInit
                0x0000000008001ce4       0x14 Core/Src/stm32h7xx_hal_msp.o
                0x0000000008001ce4                HAL_SDRAM_MspInit
 .text.NMI_Handler
                0x0000000008001cf8        0xe Core/Src/stm32h7xx_it.o
                0x0000000008001cf8                NMI_Handler
 .text.HardFault_Handler
                0x0000000008001d06        0x6 Core/Src/stm32h7xx_it.o
                0x0000000008001d06                HardFault_Handler
 .text.MemManage_Handler
                0x0000000008001d0c        0x6 Core/Src/stm32h7xx_it.o
                0x0000000008001d0c                MemManage_Handler
 .text.BusFault_Handler
                0x0000000008001d12        0x6 Core/Src/stm32h7xx_it.o
                0x0000000008001d12                BusFault_Handler
 .text.UsageFault_Handler
                0x0000000008001d18        0x6 Core/Src/stm32h7xx_it.o
                0x0000000008001d18                UsageFault_Handler
 .text.SVC_Handler
                0x0000000008001d1e        0xe Core/Src/stm32h7xx_it.o
                0x0000000008001d1e                SVC_Handler
 .text.DebugMon_Handler
                0x0000000008001d2c        0xe Core/Src/stm32h7xx_it.o
                0x0000000008001d2c                DebugMon_Handler
 .text.PendSV_Handler
                0x0000000008001d3a        0xe Core/Src/stm32h7xx_it.o
                0x0000000008001d3a                PendSV_Handler
 .text.SysTick_Handler
                0x0000000008001d48        0xc Core/Src/stm32h7xx_it.o
                0x0000000008001d48                SysTick_Handler
 .text.SystemInit
                0x0000000008001d54       0xc4 Core/Src/system_stm32h7xx.o
                0x0000000008001d54                SystemInit
 .text.Reset_Handler
                0x0000000008001e18       0x50 Core/Startup/startup_stm32h743zitx.o
                0x0000000008001e18                Reset_Handler
 .text.Default_Handler
                0x0000000008001e68        0x2 Core/Startup/startup_stm32h743zitx.o
                0x0000000008001e68                RTC_Alarm_IRQHandler
                0x0000000008001e68                EXTI2_IRQHandler
                0x0000000008001e68                TIM8_CC_IRQHandler
                0x0000000008001e68                HRTIM1_Master_IRQHandler
                0x0000000008001e68                UART8_IRQHandler
                0x0000000008001e68                SPI4_IRQHandler
                0x0000000008001e68                TIM1_CC_IRQHandler
                0x0000000008001e68                BDMA_Channel6_IRQHandler
                0x0000000008001e68                DMA2_Stream5_IRQHandler
                0x0000000008001e68                HRTIM1_FLT_IRQHandler
                0x0000000008001e68                JPEG_IRQHandler
                0x0000000008001e68                DMA1_Stream5_IRQHandler
                0x0000000008001e68                BDMA_Channel1_IRQHandler
                0x0000000008001e68                HRTIM1_TIMD_IRQHandler
                0x0000000008001e68                TAMP_STAMP_IRQHandler
                0x0000000008001e68                EXTI3_IRQHandler
                0x0000000008001e68                LPTIM4_IRQHandler
                0x0000000008001e68                TIM8_TRG_COM_TIM14_IRQHandler
                0x0000000008001e68                LPTIM2_IRQHandler
                0x0000000008001e68                DFSDM1_FLT1_IRQHandler
                0x0000000008001e68                DMAMUX2_OVR_IRQHandler
                0x0000000008001e68                TIM8_UP_TIM13_IRQHandler
                0x0000000008001e68                I2C3_ER_IRQHandler
                0x0000000008001e68                DFSDM1_FLT2_IRQHandler
                0x0000000008001e68                MDMA_IRQHandler
                0x0000000008001e68                LPTIM3_IRQHandler
                0x0000000008001e68                HSEM1_IRQHandler
                0x0000000008001e68                EXTI0_IRQHandler
                0x0000000008001e68                I2C2_EV_IRQHandler
                0x0000000008001e68                DMA1_Stream2_IRQHandler
                0x0000000008001e68                FPU_IRQHandler
                0x0000000008001e68                OTG_HS_WKUP_IRQHandler
                0x0000000008001e68                FDCAN1_IT1_IRQHandler
                0x0000000008001e68                LTDC_ER_IRQHandler
                0x0000000008001e68                DMA2_Stream2_IRQHandler
                0x0000000008001e68                HRTIM1_TIME_IRQHandler
                0x0000000008001e68                SPI1_IRQHandler
                0x0000000008001e68                TIM6_DAC_IRQHandler
                0x0000000008001e68                DCMI_IRQHandler
                0x0000000008001e68                HRTIM1_TIMC_IRQHandler
                0x0000000008001e68                DMA2_Stream3_IRQHandler
                0x0000000008001e68                SAI2_IRQHandler
                0x0000000008001e68                DFSDM1_FLT3_IRQHandler
                0x0000000008001e68                USART6_IRQHandler
                0x0000000008001e68                TIM17_IRQHandler
                0x0000000008001e68                USART3_IRQHandler
                0x0000000008001e68                BDMA_Channel7_IRQHandler
                0x0000000008001e68                LPTIM5_IRQHandler
                0x0000000008001e68                UART5_IRQHandler
                0x0000000008001e68                ADC3_IRQHandler
                0x0000000008001e68                DMA2_Stream0_IRQHandler
                0x0000000008001e68                TIM4_IRQHandler
                0x0000000008001e68                BDMA_Channel2_IRQHandler
                0x0000000008001e68                QUADSPI_IRQHandler
                0x0000000008001e68                I2C1_EV_IRQHandler
                0x0000000008001e68                DMA1_Stream6_IRQHandler
                0x0000000008001e68                DMAMUX1_OVR_IRQHandler
                0x0000000008001e68                DMA1_Stream1_IRQHandler
                0x0000000008001e68                TIM16_IRQHandler
                0x0000000008001e68                UART4_IRQHandler
                0x0000000008001e68                BDMA_Channel5_IRQHandler
                0x0000000008001e68                TIM3_IRQHandler
                0x0000000008001e68                RCC_IRQHandler
                0x0000000008001e68                TIM8_BRK_TIM12_IRQHandler
                0x0000000008001e68                TIM1_TRG_COM_IRQHandler
                0x0000000008001e68                Default_Handler
                0x0000000008001e68                ECC_IRQHandler
                0x0000000008001e68                CEC_IRQHandler
                0x0000000008001e68                EXTI15_10_IRQHandler
                0x0000000008001e68                BDMA_Channel0_IRQHandler
                0x0000000008001e68                ADC_IRQHandler
                0x0000000008001e68                DMA1_Stream7_IRQHandler
                0x0000000008001e68                HRTIM1_TIMA_IRQHandler
                0x0000000008001e68                SPI5_IRQHandler
                0x0000000008001e68                TIM7_IRQHandler
                0x0000000008001e68                SDMMC1_IRQHandler
                0x0000000008001e68                TIM5_IRQHandler
                0x0000000008001e68                DMA2_Stream7_IRQHandler
                0x0000000008001e68                TIM15_IRQHandler
                0x0000000008001e68                PVD_AVD_IRQHandler
                0x0000000008001e68                I2C3_EV_IRQHandler
                0x0000000008001e68                EXTI9_5_IRQHandler
                0x0000000008001e68                RTC_WKUP_IRQHandler
                0x0000000008001e68                LTDC_IRQHandler
                0x0000000008001e68                SAI3_IRQHandler
                0x0000000008001e68                ETH_WKUP_IRQHandler
                0x0000000008001e68                SPDIF_RX_IRQHandler
                0x0000000008001e68                SPI2_IRQHandler
                0x0000000008001e68                OTG_HS_EP1_IN_IRQHandler
                0x0000000008001e68                DMA1_Stream0_IRQHandler
                0x0000000008001e68                CRS_IRQHandler
                0x0000000008001e68                EXTI4_IRQHandler
                0x0000000008001e68                RNG_IRQHandler
                0x0000000008001e68                HRTIM1_TIMB_IRQHandler
                0x0000000008001e68                FDCAN2_IT1_IRQHandler
                0x0000000008001e68                ETH_IRQHandler
                0x0000000008001e68                TIM1_UP_IRQHandler
                0x0000000008001e68                BDMA_Channel4_IRQHandler
                0x0000000008001e68                OTG_HS_EP1_OUT_IRQHandler
                0x0000000008001e68                WWDG_IRQHandler
                0x0000000008001e68                SPI6_IRQHandler
                0x0000000008001e68                MDIOS_IRQHandler
                0x0000000008001e68                I2C4_EV_IRQHandler
                0x0000000008001e68                FDCAN2_IT0_IRQHandler
                0x0000000008001e68                LPUART1_IRQHandler
                0x0000000008001e68                FDCAN1_IT0_IRQHandler
                0x0000000008001e68                TIM2_IRQHandler
                0x0000000008001e68                OTG_FS_WKUP_IRQHandler
                0x0000000008001e68                OTG_HS_IRQHandler
                0x0000000008001e68                DMA2D_IRQHandler
                0x0000000008001e68                TIM1_BRK_IRQHandler
                0x0000000008001e68                EXTI1_IRQHandler
                0x0000000008001e68                SDMMC2_IRQHandler
                0x0000000008001e68                OTG_FS_EP1_OUT_IRQHandler
                0x0000000008001e68                BDMA_Channel3_IRQHandler
                0x0000000008001e68                UART7_IRQHandler
                0x0000000008001e68                MDIOS_WKUP_IRQHandler
                0x0000000008001e68                USART2_IRQHandler
                0x0000000008001e68                DFSDM1_FLT0_IRQHandler
                0x0000000008001e68                SAI4_IRQHandler
                0x0000000008001e68                I2C2_ER_IRQHandler
                0x0000000008001e68                DMA2_Stream1_IRQHandler
                0x0000000008001e68                FLASH_IRQHandler
                0x0000000008001e68                DMA2_Stream4_IRQHandler
                0x0000000008001e68                USART1_IRQHandler
                0x0000000008001e68                OTG_FS_IRQHandler
                0x0000000008001e68                SPI3_IRQHandler
                0x0000000008001e68                WAKEUP_PIN_IRQHandler
                0x0000000008001e68                DMA1_Stream4_IRQHandler
                0x0000000008001e68                OTG_FS_EP1_IN_IRQHandler
                0x0000000008001e68                I2C1_ER_IRQHandler
                0x0000000008001e68                FMC_IRQHandler
                0x0000000008001e68                FDCAN_CAL_IRQHandler
                0x0000000008001e68                SWPMI1_IRQHandler
                0x0000000008001e68                COMP1_IRQHandler
                0x0000000008001e68                LPTIM1_IRQHandler
                0x0000000008001e68                I2C4_ER_IRQHandler
                0x0000000008001e68                DMA2_Stream6_IRQHandler
                0x0000000008001e68                SAI1_IRQHandler
                0x0000000008001e68                DMA1_Stream3_IRQHandler
 *fill*         0x0000000008001e6a        0x2 
 .text.HAL_Init
                0x0000000008001e6c       0x70 Drivers/STM32H7xx_HAL_Driver/Src/stm32h7xx_hal.o
                0x0000000008001e6c                HAL_Init
 .text.HAL_InitTick
                0x0000000008001edc       0x6c Drivers/STM32H7xx_HAL_Driver/Src/stm32h7xx_hal.o
                0x0000000008001edc                HAL_InitTick
 .text.HAL_IncTick
                0x0000000008001f48       0x28 Drivers/STM32H7xx_HAL_Driver/Src/stm32h7xx_hal.o
                0x0000000008001f48                HAL_IncTick
 .text.HAL_GetTick
                0x0000000008001f70       0x18 Drivers/STM32H7xx_HAL_Driver/Src/stm32h7xx_hal.o
                0x0000000008001f70                HAL_GetTick
 .text.HAL_Delay
                0x0000000008001f88       0x44 Drivers/STM32H7xx_HAL_Driver/Src/stm32h7xx_hal.o
                0x0000000008001f88                HAL_Delay
 .text.HAL_GetREVID
                0x0000000008001fcc       0x18 Drivers/STM32H7xx_HAL_Driver/Src/stm32h7xx_hal.o
                0x0000000008001fcc                HAL_GetREVID
 .text.__NVIC_SetPriorityGrouping
                0x0000000008001fe4       0x48 Drivers/STM32H7xx_HAL_Driver/Src/stm32h7xx_hal_cortex.o
 .text.__NVIC_GetPriorityGrouping
                0x000000000800202c       0x1c Drivers/STM32H7xx_HAL_Driver/Src/stm32h7xx_hal_cortex.o
 .text.__NVIC_SetPriority
                0x0000000008002048       0x54 Drivers/STM32H7xx_HAL_Driver/Src/stm32h7xx_hal_cortex.o
 .text.NVIC_EncodePriority
                0x000000000800209c       0x66 Drivers/STM32H7xx_HAL_Driver/Src/stm32h7xx_hal_cortex.o
 *fill*         0x0000000008002102        0x2 
 .text.SysTick_Config
                0x0000000008002104       0x44 Drivers/STM32H7xx_HAL_Driver/Src/stm32h7xx_hal_cortex.o
 .text.HAL_NVIC_SetPriorityGrouping
                0x0000000008002148       0x16 Drivers/STM32H7xx_HAL_Driver/Src/stm32h7xx_hal_cortex.o
                0x0000000008002148                HAL_NVIC_SetPriorityGrouping
 .text.HAL_NVIC_SetPriority
                0x000000000800215e       0x34 Drivers/STM32H7xx_HAL_Driver/Src/stm32h7xx_hal_cortex.o
                0x000000000800215e                HAL_NVIC_SetPriority
 .text.HAL_SYSTICK_Config
                0x0000000008002192       0x18 Drivers/STM32H7xx_HAL_Driver/Src/stm32h7xx_hal_cortex.o
                0x0000000008002192                HAL_SYSTICK_Config
 *fill*         0x00000000080021aa        0x2 
 .text.HAL_DMA2D_Init
                0x00000000080021ac       0xb4 Drivers/STM32H7xx_HAL_Driver/Src/stm32h7xx_hal_dma2d.o
                0x00000000080021ac                HAL_DMA2D_Init
 .text.HAL_DMA2D_ConfigLayer
                0x0000000008002260      0x168 Drivers/STM32H7xx_HAL_Driver/Src/stm32h7xx_hal_dma2d.o
                0x0000000008002260                HAL_DMA2D_ConfigLayer
 .text.HAL_GPIO_Init
                0x00000000080023c8      0x360 Drivers/STM32H7xx_HAL_Driver/Src/stm32h7xx_hal_gpio.o
                0x00000000080023c8                HAL_GPIO_Init
 .text.HAL_HCD_Init
                0x0000000008002728       0xc4 Drivers/STM32H7xx_HAL_Driver/Src/stm32h7xx_hal_hcd.o
                0x0000000008002728                HAL_HCD_Init
 .text.HAL_I2C_Init
                0x00000000080027ec      0x120 Drivers/STM32H7xx_HAL_Driver/Src/stm32h7xx_hal_i2c.o
                0x00000000080027ec                HAL_I2C_Init
 .text.HAL_I2CEx_ConfigAnalogFilter
                0x000000000800290c       0x96 Drivers/STM32H7xx_HAL_Driver/Src/stm32h7xx_hal_i2c_ex.o
                0x000000000800290c                HAL_I2CEx_ConfigAnalogFilter
 .text.HAL_I2CEx_ConfigDigitalFilter
                0x00000000080029a2       0x98 Drivers/STM32H7xx_HAL_Driver/Src/stm32h7xx_hal_i2c_ex.o
                0x00000000080029a2                HAL_I2CEx_ConfigDigitalFilter
 *fill*         0x0000000008002a3a        0x2 
 .text.HAL_I2S_Init
                0x0000000008002a3c      0x240 Drivers/STM32H7xx_HAL_Driver/Src/stm32h7xx_hal_i2s.o
                0x0000000008002a3c                HAL_I2S_Init
 .text.HAL_LTDC_Init
                0x0000000008002c7c      0x1a0 Drivers/STM32H7xx_HAL_Driver/Src/stm32h7xx_hal_ltdc.o
                0x0000000008002c7c                HAL_LTDC_Init
 .text.HAL_LTDC_ConfigLayer
                0x0000000008002e1c       0x7c Drivers/STM32H7xx_HAL_Driver/Src/stm32h7xx_hal_ltdc.o
                0x0000000008002e1c                HAL_LTDC_ConfigLayer
 .text.LTDC_SetConfig
                0x0000000008002e98      0x334 Drivers/STM32H7xx_HAL_Driver/Src/stm32h7xx_hal_ltdc.o
 .text.HAL_PCD_Init
                0x00000000080031cc      0x248 Drivers/STM32H7xx_HAL_Driver/Src/stm32h7xx_hal_pcd.o
                0x00000000080031cc                HAL_PCD_Init
 .text.HAL_PCDEx_ActivateLPM
                0x0000000008003414       0x48 Drivers/STM32H7xx_HAL_Driver/Src/stm32h7xx_hal_pcd_ex.o
                0x0000000008003414                HAL_PCDEx_ActivateLPM
 .text.HAL_PWREx_ConfigSupply
                0x000000000800345c       0x70 Drivers/STM32H7xx_HAL_Driver/Src/stm32h7xx_hal_pwr_ex.o
                0x000000000800345c                HAL_PWREx_ConfigSupply
 .text.HAL_PWREx_EnableUSBVoltageDetector
                0x00000000080034cc       0x20 Drivers/STM32H7xx_HAL_Driver/Src/stm32h7xx_hal_pwr_ex.o
                0x00000000080034cc                HAL_PWREx_EnableUSBVoltageDetector
 .text.HAL_RCC_OscConfig
                0x00000000080034ec      0x770 Drivers/STM32H7xx_HAL_Driver/Src/stm32h7xx_hal_rcc.o
                0x00000000080034ec                HAL_RCC_OscConfig
 .text.HAL_RCC_ClockConfig
                0x0000000008003c5c      0x348 Drivers/STM32H7xx_HAL_Driver/Src/stm32h7xx_hal_rcc.o
                0x0000000008003c5c                HAL_RCC_ClockConfig
 .text.HAL_RCC_GetSysClockFreq
                0x0000000008003fa4      0x2e4 Drivers/STM32H7xx_HAL_Driver/Src/stm32h7xx_hal_rcc.o
                0x0000000008003fa4                HAL_RCC_GetSysClockFreq
 .text.HAL_RCC_GetHCLKFreq
                0x0000000008004288       0x38 Drivers/STM32H7xx_HAL_Driver/Src/stm32h7xx_hal_rcc.o
                0x0000000008004288                HAL_RCC_GetHCLKFreq
 .text.HAL_RCC_GetPCLK1Freq
                0x00000000080042c0       0x2c Drivers/STM32H7xx_HAL_Driver/Src/stm32h7xx_hal_rcc.o
                0x00000000080042c0                HAL_RCC_GetPCLK1Freq
 .text.HAL_RCC_GetPCLK2Freq
                0x00000000080042ec       0x2c Drivers/STM32H7xx_HAL_Driver/Src/stm32h7xx_hal_rcc.o
                0x00000000080042ec                HAL_RCC_GetPCLK2Freq
 .text.HAL_RCCEx_PeriphCLKConfig
                0x0000000008004318      0xde0 Drivers/STM32H7xx_HAL_Driver/Src/stm32h7xx_hal_rcc_ex.o
                0x0000000008004318                HAL_RCCEx_PeriphCLKConfig
 .text.HAL_RCCEx_GetPeriphCLKFreq
                0x00000000080050f8      0x46c Drivers/STM32H7xx_HAL_Driver/Src/stm32h7xx_hal_rcc_ex.o
                0x00000000080050f8                HAL_RCCEx_GetPeriphCLKFreq
 .text.HAL_RCCEx_GetD3PCLK1Freq
                0x0000000008005564       0x2c Drivers/STM32H7xx_HAL_Driver/Src/stm32h7xx_hal_rcc_ex.o
                0x0000000008005564                HAL_RCCEx_GetD3PCLK1Freq
 .text.HAL_RCCEx_GetPLL2ClockFreq
                0x0000000008005590      0x298 Drivers/STM32H7xx_HAL_Driver/Src/stm32h7xx_hal_rcc_ex.o
                0x0000000008005590                HAL_RCCEx_GetPLL2ClockFreq
 .text.HAL_RCCEx_GetPLL3ClockFreq
                0x0000000008005828      0x298 Drivers/STM32H7xx_HAL_Driver/Src/stm32h7xx_hal_rcc_ex.o
                0x0000000008005828                HAL_RCCEx_GetPLL3ClockFreq
 .text.HAL_RCCEx_GetPLL1ClockFreq
                0x0000000008005ac0      0x298 Drivers/STM32H7xx_HAL_Driver/Src/stm32h7xx_hal_rcc_ex.o
                0x0000000008005ac0                HAL_RCCEx_GetPLL1ClockFreq
 .text.HAL_RCCEx_GetD1SysClockFreq
                0x0000000008005d58       0x38 Drivers/STM32H7xx_HAL_Driver/Src/stm32h7xx_hal_rcc_ex.o
                0x0000000008005d58                HAL_RCCEx_GetD1SysClockFreq
 .text.RCCEx_PLL2_Config
                0x0000000008005d90      0x164 Drivers/STM32H7xx_HAL_Driver/Src/stm32h7xx_hal_rcc_ex.o
 .text.RCCEx_PLL3_Config
                0x0000000008005ef4      0x164 Drivers/STM32H7xx_HAL_Driver/Src/stm32h7xx_hal_rcc_ex.o
 .text.HAL_SD_Init
                0x0000000008006058      0x114 Drivers/STM32H7xx_HAL_Driver/Src/stm32h7xx_hal_sd.o
                0x0000000008006058                HAL_SD_Init
 .text.HAL_SD_InitCard
                0x000000000800616c      0x110 Drivers/STM32H7xx_HAL_Driver/Src/stm32h7xx_hal_sd.o
                0x000000000800616c                HAL_SD_InitCard
 .text.HAL_SD_DriveTransceiver_1_8V_Callback
                0x000000000800627c       0x16 Drivers/STM32H7xx_HAL_Driver/Src/stm32h7xx_hal_sd.o
                0x000000000800627c                HAL_SD_DriveTransceiver_1_8V_Callback
 *fill*         0x0000000008006292        0x2 
 .text.HAL_SD_GetCardCSD
                0x0000000008006294      0x348 Drivers/STM32H7xx_HAL_Driver/Src/stm32h7xx_hal_sd.o
                0x0000000008006294                HAL_SD_GetCardCSD
 .text.HAL_SD_GetCardStatus
                0x00000000080065dc      0x130 Drivers/STM32H7xx_HAL_Driver/Src/stm32h7xx_hal_sd.o
                0x00000000080065dc                HAL_SD_GetCardStatus
 .text.HAL_SD_ConfigWideBusOperation
                0x000000000800670c      0x120 Drivers/STM32H7xx_HAL_Driver/Src/stm32h7xx_hal_sd.o
                0x000000000800670c                HAL_SD_ConfigWideBusOperation
 .text.HAL_SD_GetCardState
                0x000000000800682c       0x40 Drivers/STM32H7xx_HAL_Driver/Src/stm32h7xx_hal_sd.o
                0x000000000800682c                HAL_SD_GetCardState
 .text.SD_InitCard
                0x000000000800686c      0x17c Drivers/STM32H7xx_HAL_Driver/Src/stm32h7xx_hal_sd.o
 .text.SD_PowerON
                0x00000000080069e8      0x21c Drivers/STM32H7xx_HAL_Driver/Src/stm32h7xx_hal_sd.o
 .text.SD_SendSDStatus
                0x0000000008006c04      0x1a0 Drivers/STM32H7xx_HAL_Driver/Src/stm32h7xx_hal_sd.o
 .text.SD_SendStatus
                0x0000000008006da4       0x50 Drivers/STM32H7xx_HAL_Driver/Src/stm32h7xx_hal_sd.o
 .text.SD_WideBus_Enable
                0x0000000008006df4       0x96 Drivers/STM32H7xx_HAL_Driver/Src/stm32h7xx_hal_sd.o
 .text.SD_WideBus_Disable
                0x0000000008006e8a       0x96 Drivers/STM32H7xx_HAL_Driver/Src/stm32h7xx_hal_sd.o
 .text.SD_FindSCR
                0x0000000008006f20      0x1a0 Drivers/STM32H7xx_HAL_Driver/Src/stm32h7xx_hal_sd.o
 .text.HAL_SDRAM_Init
                0x00000000080070c0       0x78 Drivers/STM32H7xx_HAL_Driver/Src/stm32h7xx_hal_sdram.o
                0x00000000080070c0                HAL_SDRAM_Init
 .text.HAL_SPI_Init
                0x0000000008007138      0x1f0 Drivers/STM32H7xx_HAL_Driver/Src/stm32h7xx_hal_spi.o
                0x0000000008007138                HAL_SPI_Init
 .text.SPI_GetPacketSize
                0x0000000008007328       0x36 Drivers/STM32H7xx_HAL_Driver/Src/stm32h7xx_hal_spi.o
 .text.HAL_UART_Init
                0x000000000800735e       0xa0 Drivers/STM32H7xx_HAL_Driver/Src/stm32h7xx_hal_uart.o
                0x000000000800735e                HAL_UART_Init
 *fill*         0x00000000080073fe        0x2 
 .text.UART_SetConfig
                0x0000000008007400     0x22fc Drivers/STM32H7xx_HAL_Driver/Src/stm32h7xx_hal_uart.o
                0x0000000008007400                UART_SetConfig
 .text.UART_AdvFeatureConfig
                0x00000000080096fc      0x144 Drivers/STM32H7xx_HAL_Driver/Src/stm32h7xx_hal_uart.o
                0x00000000080096fc                UART_AdvFeatureConfig
 .text.UART_CheckIdleState
                0x0000000008009840       0x90 Drivers/STM32H7xx_HAL_Driver/Src/stm32h7xx_hal_uart.o
                0x0000000008009840                UART_CheckIdleState
 .text.UART_WaitOnFlagUntilTimeout
                0x00000000080098d0      0x100 Drivers/STM32H7xx_HAL_Driver/Src/stm32h7xx_hal_uart.o
                0x00000000080098d0                UART_WaitOnFlagUntilTimeout
 .text.HAL_UARTEx_DisableFifoMode
                0x00000000080099d0       0x72 Drivers/STM32H7xx_HAL_Driver/Src/stm32h7xx_hal_uart_ex.o
                0x00000000080099d0                HAL_UARTEx_DisableFifoMode
 .text.HAL_UARTEx_SetTxFifoThreshold
                0x0000000008009a42       0x7c Drivers/STM32H7xx_HAL_Driver/Src/stm32h7xx_hal_uart_ex.o
                0x0000000008009a42                HAL_UARTEx_SetTxFifoThreshold
 .text.HAL_UARTEx_SetRxFifoThreshold
                0x0000000008009abe       0x7c Drivers/STM32H7xx_HAL_Driver/Src/stm32h7xx_hal_uart_ex.o
                0x0000000008009abe                HAL_UARTEx_SetRxFifoThreshold
 *fill*         0x0000000008009b3a        0x2 
 .text.UARTEx_SetNbDataToProcess
                0x0000000008009b3c       0xd0 Drivers/STM32H7xx_HAL_Driver/Src/stm32h7xx_hal_uart_ex.o
 .text.FMC_SDRAM_Init
                0x0000000008009c0c       0xb8 Drivers/STM32H7xx_HAL_Driver/Src/stm32h7xx_ll_fmc.o
                0x0000000008009c0c                FMC_SDRAM_Init
 .text.FMC_SDRAM_Timing_Init
                0x0000000008009cc4       0xd4 Drivers/STM32H7xx_HAL_Driver/Src/stm32h7xx_ll_fmc.o
                0x0000000008009cc4                FMC_SDRAM_Timing_Init
 .text.SDMMC_Init
                0x0000000008009d98       0x54 Drivers/STM32H7xx_HAL_Driver/Src/stm32h7xx_ll_sdmmc.o
                0x0000000008009d98                SDMMC_Init
 .text.SDMMC_ReadFIFO
                0x0000000008009dec       0x1a Drivers/STM32H7xx_HAL_Driver/Src/stm32h7xx_ll_sdmmc.o
                0x0000000008009dec                SDMMC_ReadFIFO
 .text.SDMMC_PowerState_ON
                0x0000000008009e06       0x22 Drivers/STM32H7xx_HAL_Driver/Src/stm32h7xx_ll_sdmmc.o
                0x0000000008009e06                SDMMC_PowerState_ON
 .text.SDMMC_GetPowerState
                0x0000000008009e28       0x1c Drivers/STM32H7xx_HAL_Driver/Src/stm32h7xx_ll_sdmmc.o
                0x0000000008009e28                SDMMC_GetPowerState
 .text.SDMMC_SendCommand
                0x0000000008009e44       0x54 Drivers/STM32H7xx_HAL_Driver/Src/stm32h7xx_ll_sdmmc.o
                0x0000000008009e44                SDMMC_SendCommand
 .text.SDMMC_GetCommandResponse
                0x0000000008009e98       0x1a Drivers/STM32H7xx_HAL_Driver/Src/stm32h7xx_ll_sdmmc.o
                0x0000000008009e98                SDMMC_GetCommandResponse
 .text.SDMMC_GetResponse
                0x0000000008009eb2       0x26 Drivers/STM32H7xx_HAL_Driver/Src/stm32h7xx_ll_sdmmc.o
                0x0000000008009eb2                SDMMC_GetResponse
 .text.SDMMC_ConfigData
                0x0000000008009ed8       0x58 Drivers/STM32H7xx_HAL_Driver/Src/stm32h7xx_ll_sdmmc.o
                0x0000000008009ed8                SDMMC_ConfigData
 .text.SDMMC_CmdBlockLength
                0x0000000008009f30       0x46 Drivers/STM32H7xx_HAL_Driver/Src/stm32h7xx_ll_sdmmc.o
                0x0000000008009f30                SDMMC_CmdBlockLength
 .text.SDMMC_CmdSelDesel
                0x0000000008009f76       0x48 Drivers/STM32H7xx_HAL_Driver/Src/stm32h7xx_ll_sdmmc.o
                0x0000000008009f76                SDMMC_CmdSelDesel
 .text.SDMMC_CmdGoIdleState
                0x0000000008009fbe       0x3c Drivers/STM32H7xx_HAL_Driver/Src/stm32h7xx_ll_sdmmc.o
                0x0000000008009fbe                SDMMC_CmdGoIdleState
 .text.SDMMC_CmdOperCond
                0x0000000008009ffa       0x40 Drivers/STM32H7xx_HAL_Driver/Src/stm32h7xx_ll_sdmmc.o
                0x0000000008009ffa                SDMMC_CmdOperCond
 .text.SDMMC_CmdAppCommand
                0x000000000800a03a       0x46 Drivers/STM32H7xx_HAL_Driver/Src/stm32h7xx_ll_sdmmc.o
                0x000000000800a03a                SDMMC_CmdAppCommand
 .text.SDMMC_CmdAppOperCommand
                0x000000000800a080       0x40 Drivers/STM32H7xx_HAL_Driver/Src/stm32h7xx_ll_sdmmc.o
                0x000000000800a080                SDMMC_CmdAppOperCommand
 .text.SDMMC_CmdBusWidth
                0x000000000800a0c0       0x46 Drivers/STM32H7xx_HAL_Driver/Src/stm32h7xx_ll_sdmmc.o
                0x000000000800a0c0                SDMMC_CmdBusWidth
 .text.SDMMC_CmdSendSCR
                0x000000000800a106       0x44 Drivers/STM32H7xx_HAL_Driver/Src/stm32h7xx_ll_sdmmc.o
                0x000000000800a106                SDMMC_CmdSendSCR
 .text.SDMMC_CmdSendCID
                0x000000000800a14a       0x3e Drivers/STM32H7xx_HAL_Driver/Src/stm32h7xx_ll_sdmmc.o
                0x000000000800a14a                SDMMC_CmdSendCID
 .text.SDMMC_CmdSendCSD
                0x000000000800a188       0x40 Drivers/STM32H7xx_HAL_Driver/Src/stm32h7xx_ll_sdmmc.o
                0x000000000800a188                SDMMC_CmdSendCSD
 .text.SDMMC_CmdSetRelAdd
                0x000000000800a1c8       0x44 Drivers/STM32H7xx_HAL_Driver/Src/stm32h7xx_ll_sdmmc.o
                0x000000000800a1c8                SDMMC_CmdSetRelAdd
 .text.SDMMC_CmdSendStatus
                0x000000000800a20c       0x46 Drivers/STM32H7xx_HAL_Driver/Src/stm32h7xx_ll_sdmmc.o
                0x000000000800a20c                SDMMC_CmdSendStatus
 .text.SDMMC_CmdStatusRegister
                0x000000000800a252       0x44 Drivers/STM32H7xx_HAL_Driver/Src/stm32h7xx_ll_sdmmc.o
                0x000000000800a252                SDMMC_CmdStatusRegister
 .text.SDMMC_CmdVoltageSwitch
                0x000000000800a296       0x44 Drivers/STM32H7xx_HAL_Driver/Src/stm32h7xx_ll_sdmmc.o
                0x000000000800a296                SDMMC_CmdVoltageSwitch
 *fill*         0x000000000800a2da        0x2 
 .text.SDMMC_GetCmdError
                0x000000000800a2dc       0x54 Drivers/STM32H7xx_HAL_Driver/Src/stm32h7xx_ll_sdmmc.o
 .text.SDMMC_GetCmdResp1
                0x000000000800a330      0x1e0 Drivers/STM32H7xx_HAL_Driver/Src/stm32h7xx_ll_sdmmc.o
 .text.SDMMC_GetCmdResp2
                0x000000000800a510       0x90 Drivers/STM32H7xx_HAL_Driver/Src/stm32h7xx_ll_sdmmc.o
 .text.SDMMC_GetCmdResp3
                0x000000000800a5a0       0x78 Drivers/STM32H7xx_HAL_Driver/Src/stm32h7xx_ll_sdmmc.o
 .text.SDMMC_GetCmdResp6
                0x000000000800a618       0xec Drivers/STM32H7xx_HAL_Driver/Src/stm32h7xx_ll_sdmmc.o
 .text.SDMMC_GetCmdResp7
                0x000000000800a704       0x98 Drivers/STM32H7xx_HAL_Driver/Src/stm32h7xx_ll_sdmmc.o
 .text.USB_CoreInit
                0x000000000800a79c       0xc4 Drivers/STM32H7xx_HAL_Driver/Src/stm32h7xx_ll_usb.o
                0x000000000800a79c                USB_CoreInit
 .text.USB_DisableGlobalInt
                0x000000000800a860       0x22 Drivers/STM32H7xx_HAL_Driver/Src/stm32h7xx_ll_usb.o
                0x000000000800a860                USB_DisableGlobalInt
 .text.USB_SetCurrentMode
                0x000000000800a882       0x54 Drivers/STM32H7xx_HAL_Driver/Src/stm32h7xx_ll_usb.o
                0x000000000800a882                USB_SetCurrentMode
 *fill*         0x000000000800a8d6        0x2 
 .text.USB_DevInit
                0x000000000800a8d8      0x2d8 Drivers/STM32H7xx_HAL_Driver/Src/stm32h7xx_ll_usb.o
                0x000000000800a8d8                USB_DevInit
 .text.USB_FlushTxFifo
                0x000000000800abb0       0x4c Drivers/STM32H7xx_HAL_Driver/Src/stm32h7xx_ll_usb.o
                0x000000000800abb0                USB_FlushTxFifo
 .text.USB_FlushRxFifo
                0x000000000800abfc       0x44 Drivers/STM32H7xx_HAL_Driver/Src/stm32h7xx_ll_usb.o
                0x000000000800abfc                USB_FlushRxFifo
 .text.USB_SetDevSpeed
                0x000000000800ac40       0x32 Drivers/STM32H7xx_HAL_Driver/Src/stm32h7xx_ll_usb.o
                0x000000000800ac40                USB_SetDevSpeed
 .text.USB_DevDisconnect
                0x000000000800ac72       0x30 Drivers/STM32H7xx_HAL_Driver/Src/stm32h7xx_ll_usb.o
                0x000000000800ac72                USB_DevDisconnect
 *fill*         0x000000000800aca2        0x2 
 .text.USB_CoreReset
                0x000000000800aca4       0x68 Drivers/STM32H7xx_HAL_Driver/Src/stm32h7xx_ll_usb.o
 .text.USB_HostInit
                0x000000000800ad0c      0x16c Drivers/STM32H7xx_HAL_Driver/Src/stm32h7xx_ll_usb.o
                0x000000000800ad0c                USB_HostInit
 .text.USB_DriveVbus
                0x000000000800ae78       0x72 Drivers/STM32H7xx_HAL_Driver/Src/stm32h7xx_ll_usb.o
                0x000000000800ae78                USB_DriveVbus
 *fill*         0x000000000800aeea        0x2 
 .text.__libc_init_array
                0x000000000800aeec       0x48 /home/lauren/Downloads/stm32cubeide_1.1.0/plugins/com.st.stm32cube.ide.mcu.externaltools.gnu-tools-for-stm32.7-2018-q2-update.linux64_1.0.0.201904181610/tools/bin/../lib/gcc/arm-none-eabi/7.3.1/../../../../arm-none-eabi/lib/thumb/v7e-m/fpv5/hard/libc_nano.a(lib_a-init.o)
                0x000000000800aeec                __libc_init_array
 .text.memset   0x000000000800af34       0x10 /home/lauren/Downloads/stm32cubeide_1.1.0/plugins/com.st.stm32cube.ide.mcu.externaltools.gnu-tools-for-stm32.7-2018-q2-update.linux64_1.0.0.201904181610/tools/bin/../lib/gcc/arm-none-eabi/7.3.1/../../../../arm-none-eabi/lib/thumb/v7e-m/fpv5/hard/libc_nano.a(lib_a-memset.o)
                0x000000000800af34                memset
 *(.glue_7)
 .glue_7        0x000000000800af44        0x0 linker stubs
 *(.glue_7t)
 .glue_7t       0x000000000800af44        0x0 linker stubs
 *(.eh_frame)
 .eh_frame      0x000000000800af44        0x0 /home/lauren/Downloads/stm32cubeide_1.1.0/plugins/com.st.stm32cube.ide.mcu.externaltools.gnu-tools-for-stm32.7-2018-q2-update.linux64_1.0.0.201904181610/tools/bin/../lib/gcc/arm-none-eabi/7.3.1/thumb/v7e-m/fpv5/hard/crtbegin.o
 *(.init)
 .init          0x000000000800af44        0x4 /home/lauren/Downloads/stm32cubeide_1.1.0/plugins/com.st.stm32cube.ide.mcu.externaltools.gnu-tools-for-stm32.7-2018-q2-update.linux64_1.0.0.201904181610/tools/bin/../lib/gcc/arm-none-eabi/7.3.1/thumb/v7e-m/fpv5/hard/crti.o
                0x000000000800af44                _init
 .init          0x000000000800af48        0x8 /home/lauren/Downloads/stm32cubeide_1.1.0/plugins/com.st.stm32cube.ide.mcu.externaltools.gnu-tools-for-stm32.7-2018-q2-update.linux64_1.0.0.201904181610/tools/bin/../lib/gcc/arm-none-eabi/7.3.1/thumb/v7e-m/fpv5/hard/crtn.o
 *(.fini)
 .fini          0x000000000800af50        0x4 /home/lauren/Downloads/stm32cubeide_1.1.0/plugins/com.st.stm32cube.ide.mcu.externaltools.gnu-tools-for-stm32.7-2018-q2-update.linux64_1.0.0.201904181610/tools/bin/../lib/gcc/arm-none-eabi/7.3.1/thumb/v7e-m/fpv5/hard/crti.o
                0x000000000800af50                _fini
 .fini          0x000000000800af54        0x8 /home/lauren/Downloads/stm32cubeide_1.1.0/plugins/com.st.stm32cube.ide.mcu.externaltools.gnu-tools-for-stm32.7-2018-q2-update.linux64_1.0.0.201904181610/tools/bin/../lib/gcc/arm-none-eabi/7.3.1/thumb/v7e-m/fpv5/hard/crtn.o
                0x000000000800af5c                . = ALIGN (0x4)
                0x000000000800af5c                _etext = .

.vfp11_veneer   0x000000000800af5c        0x0
 .vfp11_veneer  0x000000000800af5c        0x0 linker stubs

.v4_bx          0x000000000800af5c        0x0
 .v4_bx         0x000000000800af5c        0x0 linker stubs

.iplt           0x000000000800af5c        0x0
 .iplt          0x000000000800af5c        0x0 /home/lauren/Downloads/stm32cubeide_1.1.0/plugins/com.st.stm32cube.ide.mcu.externaltools.gnu-tools-for-stm32.7-2018-q2-update.linux64_1.0.0.201904181610/tools/bin/../lib/gcc/arm-none-eabi/7.3.1/thumb/v7e-m/fpv5/hard/crtbegin.o

.rodata         0x000000000800af5c       0x20
                0x000000000800af5c                . = ALIGN (0x4)
 *(.rodata)
 .rodata        0x000000000800af5c       0x10 Drivers/STM32H7xx_HAL_Driver/Src/stm32h7xx_hal_uart_ex.o
 *(.rodata*)
 .rodata.D1CorePrescTable
                0x000000000800af6c       0x10 Core/Src/system_stm32h7xx.o
                0x000000000800af6c                D1CorePrescTable
                0x000000000800af7c                . = ALIGN (0x4)

.ARM.extab      0x000000000800af7c        0x0
                0x000000000800af7c                . = ALIGN (0x4)
 *(.ARM.extab* .gnu.linkonce.armextab.*)
                0x000000000800af7c                . = ALIGN (0x4)

.ARM            0x000000000800af7c        0x8
                0x000000000800af7c                . = ALIGN (0x4)
                0x000000000800af7c                __exidx_start = .
 *(.ARM.exidx*)
 .ARM.exidx     0x000000000800af7c        0x8 /home/lauren/Downloads/stm32cubeide_1.1.0/plugins/com.st.stm32cube.ide.mcu.externaltools.gnu-tools-for-stm32.7-2018-q2-update.linux64_1.0.0.201904181610/tools/bin/../lib/gcc/arm-none-eabi/7.3.1/thumb/v7e-m/fpv5/hard/libgcc.a(_udivmoddi4.o)
                0x000000000800af84                __exidx_end = .
                0x000000000800af84                . = ALIGN (0x4)

.rel.dyn        0x000000000800af84        0x0
 .rel.iplt      0x000000000800af84        0x0 /home/lauren/Downloads/stm32cubeide_1.1.0/plugins/com.st.stm32cube.ide.mcu.externaltools.gnu-tools-for-stm32.7-2018-q2-update.linux64_1.0.0.201904181610/tools/bin/../lib/gcc/arm-none-eabi/7.3.1/thumb/v7e-m/fpv5/hard/crtbegin.o

.preinit_array  0x000000000800af84        0x0
                0x000000000800af84                . = ALIGN (0x4)
                0x000000000800af84                PROVIDE (__preinit_array_start = .)
 *(.preinit_array*)
                0x000000000800af84                PROVIDE (__preinit_array_end = .)
                0x000000000800af84                . = ALIGN (0x4)

.init_array     0x000000000800af84        0x4
                0x000000000800af84                . = ALIGN (0x4)
                0x000000000800af84                PROVIDE (__init_array_start = .)
 *(SORT_BY_NAME(.init_array.*))
 *(.init_array*)
 .init_array    0x000000000800af84        0x4 /home/lauren/Downloads/stm32cubeide_1.1.0/plugins/com.st.stm32cube.ide.mcu.externaltools.gnu-tools-for-stm32.7-2018-q2-update.linux64_1.0.0.201904181610/tools/bin/../lib/gcc/arm-none-eabi/7.3.1/thumb/v7e-m/fpv5/hard/crtbegin.o
                0x000000000800af88                PROVIDE (__init_array_end = .)
                0x000000000800af88                . = ALIGN (0x4)

.fini_array     0x000000000800af88        0x4
                0x000000000800af88                . = ALIGN (0x4)
                [!provide]                        PROVIDE (__fini_array_start = .)
 *(SORT_BY_NAME(.fini_array.*))
 *(.fini_array*)
 .fini_array    0x000000000800af88        0x4 /home/lauren/Downloads/stm32cubeide_1.1.0/plugins/com.st.stm32cube.ide.mcu.externaltools.gnu-tools-for-stm32.7-2018-q2-update.linux64_1.0.0.201904181610/tools/bin/../lib/gcc/arm-none-eabi/7.3.1/thumb/v7e-m/fpv5/hard/crtbegin.o
                [!provide]                        PROVIDE (__fini_array_end = .)
                0x000000000800af8c                . = ALIGN (0x4)
                0x000000000800af8c                _sidata = LOADADDR (.data)

.data           0x0000000024000000       0x10 load address 0x000000000800af8c
                0x0000000024000000                . = ALIGN (0x4)
                0x0000000024000000                _sdata = .
 *(.data)
 *(.data*)
 .data.SystemCoreClock
                0x0000000024000000        0x4 Core/Src/system_stm32h7xx.o
                0x0000000024000000                SystemCoreClock
 .data.SystemD2Clock
                0x0000000024000004        0x4 Core/Src/system_stm32h7xx.o
                0x0000000024000004                SystemD2Clock
 .data.uwTickPrio
                0x0000000024000008        0x4 Drivers/STM32H7xx_HAL_Driver/Src/stm32h7xx_hal.o
                0x0000000024000008                uwTickPrio
 .data.uwTickFreq
                0x000000002400000c        0x1 Drivers/STM32H7xx_HAL_Driver/Src/stm32h7xx_hal.o
                0x000000002400000c                uwTickFreq
                0x0000000024000010                . = ALIGN (0x4)
 *fill*         0x000000002400000d        0x3 
                0x0000000024000010                _edata = .

.igot.plt       0x0000000024000010        0x0 load address 0x000000000800af9c
 .igot.plt      0x0000000024000010        0x0 /home/lauren/Downloads/stm32cubeide_1.1.0/plugins/com.st.stm32cube.ide.mcu.externaltools.gnu-tools-for-stm32.7-2018-q2-update.linux64_1.0.0.201904181610/tools/bin/../lib/gcc/arm-none-eabi/7.3.1/thumb/v7e-m/fpv5/hard/crtbegin.o
                0x0000000024000010                . = ALIGN (0x4)

.bss            0x0000000024000010      0xc48 load address 0x000000000800af9c
                0x0000000024000010                _sbss = .
                0x0000000024000010                __bss_start__ = _sbss
 *(.bss)
 .bss           0x0000000024000010       0x1c /home/lauren/Downloads/stm32cubeide_1.1.0/plugins/com.st.stm32cube.ide.mcu.externaltools.gnu-tools-for-stm32.7-2018-q2-update.linux64_1.0.0.201904181610/tools/bin/../lib/gcc/arm-none-eabi/7.3.1/thumb/v7e-m/fpv5/hard/crtbegin.o
 *(.bss*)
 .bss.FMC_Initialized
                0x000000002400002c        0x4 Core/Src/stm32h7xx_hal_msp.o
 *(COMMON)
 COMMON         0x0000000024000030      0xc24 Core/Src/main.o
                0x0000000024000030                hi2c4
                0x000000002400007c                hspi2
                0x0000000024000104                huart3
                0x0000000024000190                hi2c1
                0x00000000240001dc                hpcd_USB_OTG_FS
                0x00000000240005e4                hsd1
                0x0000000024000664                hltdc
                0x000000002400070c                hhcd_USB_OTG_HS
                0x00000000240009d0                hspi4
                0x0000000024000a58                hdma2d
                0x0000000024000ab8                hspi1
                0x0000000024000b40                huart2
                0x0000000024000bcc                hsdram1
                0x0000000024000c00                hi2s3
 COMMON         0x0000000024000c54        0x4 Drivers/STM32H7xx_HAL_Driver/Src/stm32h7xx_hal.o
                0x0000000024000c54                uwTick
                0x0000000024000c58                . = ALIGN (0x4)
                0x0000000024000c58                _ebss = .
                0x0000000024000c58                __bss_end__ = _ebss

._user_heap_stack
                0x0000000024000c58      0x600 load address 0x000000000800af9c
                0x0000000024000c58                . = ALIGN (0x8)
                0x0000000024000c58                PROVIDE (end = .)
                [!provide]                        PROVIDE (_end = .)
                0x0000000024000e58                . = (. + _Min_Heap_Size)
 *fill*         0x0000000024000c58      0x200 
                0x0000000024001258                . = (. + _Min_Stack_Size)
 *fill*         0x0000000024000e58      0x400 
                0x0000000024001258                . = ALIGN (0x8)

/DISCARD/
 libc.a(*)
 libm.a(*)
 libgcc.a(*)

.ARM.attributes
                0x0000000000000000       0x2e
 *(.ARM.attributes)
 .ARM.attributes
                0x0000000000000000       0x20 /home/lauren/Downloads/stm32cubeide_1.1.0/plugins/com.st.stm32cube.ide.mcu.externaltools.gnu-tools-for-stm32.7-2018-q2-update.linux64_1.0.0.201904181610/tools/bin/../lib/gcc/arm-none-eabi/7.3.1/thumb/v7e-m/fpv5/hard/crti.o
 .ARM.attributes
                0x0000000000000020       0x32 /home/lauren/Downloads/stm32cubeide_1.1.0/plugins/com.st.stm32cube.ide.mcu.externaltools.gnu-tools-for-stm32.7-2018-q2-update.linux64_1.0.0.201904181610/tools/bin/../lib/gcc/arm-none-eabi/7.3.1/thumb/v7e-m/fpv5/hard/crtbegin.o
 .ARM.attributes
                0x0000000000000052       0x37 Core/Src/main.o
 .ARM.attributes
                0x0000000000000089       0x37 Core/Src/stm32h7xx_hal_msp.o
 .ARM.attributes
                0x00000000000000c0       0x37 Core/Src/stm32h7xx_it.o
 .ARM.attributes
                0x00000000000000f7       0x37 Core/Src/system_stm32h7xx.o
 .ARM.attributes
                0x000000000000012e       0x21 Core/Startup/startup_stm32h743zitx.o
 .ARM.attributes
                0x000000000000014f       0x37 Drivers/STM32H7xx_HAL_Driver/Src/stm32h7xx_hal.o
 .ARM.attributes
                0x0000000000000186       0x37 Drivers/STM32H7xx_HAL_Driver/Src/stm32h7xx_hal_cortex.o
 .ARM.attributes
                0x00000000000001bd       0x37 Drivers/STM32H7xx_HAL_Driver/Src/stm32h7xx_hal_dma2d.o
 .ARM.attributes
                0x00000000000001f4       0x37 Drivers/STM32H7xx_HAL_Driver/Src/stm32h7xx_hal_gpio.o
 .ARM.attributes
                0x000000000000022b       0x37 Drivers/STM32H7xx_HAL_Driver/Src/stm32h7xx_hal_hcd.o
 .ARM.attributes
                0x0000000000000262       0x37 Drivers/STM32H7xx_HAL_Driver/Src/stm32h7xx_hal_i2c.o
 .ARM.attributes
                0x0000000000000299       0x37 Drivers/STM32H7xx_HAL_Driver/Src/stm32h7xx_hal_i2c_ex.o
 .ARM.attributes
                0x00000000000002d0       0x37 Drivers/STM32H7xx_HAL_Driver/Src/stm32h7xx_hal_i2s.o
 .ARM.attributes
                0x0000000000000307       0x37 Drivers/STM32H7xx_HAL_Driver/Src/stm32h7xx_hal_ltdc.o
 .ARM.attributes
                0x000000000000033e       0x37 Drivers/STM32H7xx_HAL_Driver/Src/stm32h7xx_hal_pcd.o
 .ARM.attributes
                0x0000000000000375       0x37 Drivers/STM32H7xx_HAL_Driver/Src/stm32h7xx_hal_pcd_ex.o
 .ARM.attributes
                0x00000000000003ac       0x37 Drivers/STM32H7xx_HAL_Driver/Src/stm32h7xx_hal_pwr_ex.o
 .ARM.attributes
                0x00000000000003e3       0x37 Drivers/STM32H7xx_HAL_Driver/Src/stm32h7xx_hal_rcc.o
 .ARM.attributes
                0x000000000000041a       0x37 Drivers/STM32H7xx_HAL_Driver/Src/stm32h7xx_hal_rcc_ex.o
 .ARM.attributes
                0x0000000000000451       0x37 Drivers/STM32H7xx_HAL_Driver/Src/stm32h7xx_hal_sd.o
 .ARM.attributes
                0x0000000000000488       0x37 Drivers/STM32H7xx_HAL_Driver/Src/stm32h7xx_hal_sdram.o
 .ARM.attributes
                0x00000000000004bf       0x37 Drivers/STM32H7xx_HAL_Driver/Src/stm32h7xx_hal_spi.o
 .ARM.attributes
                0x00000000000004f6       0x37 Drivers/STM32H7xx_HAL_Driver/Src/stm32h7xx_hal_uart.o
 .ARM.attributes
                0x000000000000052d       0x37 Drivers/STM32H7xx_HAL_Driver/Src/stm32h7xx_hal_uart_ex.o
 .ARM.attributes
                0x0000000000000564       0x37 Drivers/STM32H7xx_HAL_Driver/Src/stm32h7xx_ll_fmc.o
 .ARM.attributes
                0x000000000000059b       0x37 Drivers/STM32H7xx_HAL_Driver/Src/stm32h7xx_ll_sdmmc.o
 .ARM.attributes
                0x00000000000005d2       0x37 Drivers/STM32H7xx_HAL_Driver/Src/stm32h7xx_ll_usb.o
 .ARM.attributes
                0x0000000000000609       0x32 /home/lauren/Downloads/stm32cubeide_1.1.0/plugins/com.st.stm32cube.ide.mcu.externaltools.gnu-tools-for-stm32.7-2018-q2-update.linux64_1.0.0.201904181610/tools/bin/../lib/gcc/arm-none-eabi/7.3.1/../../../../arm-none-eabi/lib/thumb/v7e-m/fpv5/hard/libc_nano.a(lib_a-init.o)
 .ARM.attributes
                0x000000000000063b       0x32 /home/lauren/Downloads/stm32cubeide_1.1.0/plugins/com.st.stm32cube.ide.mcu.externaltools.gnu-tools-for-stm32.7-2018-q2-update.linux64_1.0.0.201904181610/tools/bin/../lib/gcc/arm-none-eabi/7.3.1/../../../../arm-none-eabi/lib/thumb/v7e-m/fpv5/hard/libc_nano.a(lib_a-memset.o)
 .ARM.attributes
                0x000000000000066d       0x20 /home/lauren/Downloads/stm32cubeide_1.1.0/plugins/com.st.stm32cube.ide.mcu.externaltools.gnu-tools-for-stm32.7-2018-q2-update.linux64_1.0.0.201904181610/tools/bin/../lib/gcc/arm-none-eabi/7.3.1/thumb/v7e-m/fpv5/hard/libgcc.a(_aeabi_uldivmod.o)
 .ARM.attributes
                0x000000000000068d       0x32 /home/lauren/Downloads/stm32cubeide_1.1.0/plugins/com.st.stm32cube.ide.mcu.externaltools.gnu-tools-for-stm32.7-2018-q2-update.linux64_1.0.0.201904181610/tools/bin/../lib/gcc/arm-none-eabi/7.3.1/thumb/v7e-m/fpv5/hard/libgcc.a(_udivmoddi4.o)
 .ARM.attributes
                0x00000000000006bf       0x20 /home/lauren/Downloads/stm32cubeide_1.1.0/plugins/com.st.stm32cube.ide.mcu.externaltools.gnu-tools-for-stm32.7-2018-q2-update.linux64_1.0.0.201904181610/tools/bin/../lib/gcc/arm-none-eabi/7.3.1/thumb/v7e-m/fpv5/hard/libgcc.a(_dvmd_tls.o)
 .ARM.attributes
                0x00000000000006df       0x20 /home/lauren/Downloads/stm32cubeide_1.1.0/plugins/com.st.stm32cube.ide.mcu.externaltools.gnu-tools-for-stm32.7-2018-q2-update.linux64_1.0.0.201904181610/tools/bin/../lib/gcc/arm-none-eabi/7.3.1/thumb/v7e-m/fpv5/hard/crtn.o
OUTPUT(Neotron_2400HX.elf elf32-littlearm)

.debug_info     0x0000000000000000    0x2e385
 .debug_info    0x0000000000000000     0x409d Core/Src/main.o
 .debug_info    0x000000000000409d     0x3a7e Core/Src/stm32h7xx_hal_msp.o
 .debug_info    0x0000000000007b1b      0xb36 Core/Src/stm32h7xx_it.o
 .debug_info    0x0000000000008651     0x1322 Core/Src/system_stm32h7xx.o
 .debug_info    0x0000000000009973       0x22 Core/Startup/startup_stm32h743zitx.o
 .debug_info    0x0000000000009995     0x1de0 Drivers/STM32H7xx_HAL_Driver/Src/stm32h7xx_hal.o
 .debug_info    0x000000000000b775     0x1a74 Drivers/STM32H7xx_HAL_Driver/Src/stm32h7xx_hal_cortex.o
 .debug_info    0x000000000000d1e9     0x19cc Drivers/STM32H7xx_HAL_Driver/Src/stm32h7xx_hal_dma2d.o
 .debug_info    0x000000000000ebb5     0x1640 Drivers/STM32H7xx_HAL_Driver/Src/stm32h7xx_hal_gpio.o
 .debug_info    0x00000000000101f5     0x17b3 Drivers/STM32H7xx_HAL_Driver/Src/stm32h7xx_hal_hcd.o
 .debug_info    0x00000000000119a8     0x2a0f Drivers/STM32H7xx_HAL_Driver/Src/stm32h7xx_hal_i2c.o
 .debug_info    0x00000000000143b7     0x1714 Drivers/STM32H7xx_HAL_Driver/Src/stm32h7xx_hal_i2c_ex.o
 .debug_info    0x0000000000015acb     0x175c Drivers/STM32H7xx_HAL_Driver/Src/stm32h7xx_hal_i2s.o
 .debug_info    0x0000000000017227     0x1a0b Drivers/STM32H7xx_HAL_Driver/Src/stm32h7xx_hal_ltdc.o
 .debug_info    0x0000000000018c32     0x1a8e Drivers/STM32H7xx_HAL_Driver/Src/stm32h7xx_hal_pcd.o
 .debug_info    0x000000000001a6c0     0x11f1 Drivers/STM32H7xx_HAL_Driver/Src/stm32h7xx_hal_pcd_ex.o
 .debug_info    0x000000000001b8b1     0x1746 Drivers/STM32H7xx_HAL_Driver/Src/stm32h7xx_hal_pwr_ex.o
 .debug_info    0x000000000001cff7     0x1760 Drivers/STM32H7xx_HAL_Driver/Src/stm32h7xx_hal_rcc.o
 .debug_info    0x000000000001e757     0x18cf Drivers/STM32H7xx_HAL_Driver/Src/stm32h7xx_hal_rcc_ex.o
 .debug_info    0x0000000000020026     0x219e Drivers/STM32H7xx_HAL_Driver/Src/stm32h7xx_hal_sd.o
 .debug_info    0x00000000000221c4     0x186c Drivers/STM32H7xx_HAL_Driver/Src/stm32h7xx_hal_sdram.o
 .debug_info    0x0000000000023a30     0x1d31 Drivers/STM32H7xx_HAL_Driver/Src/stm32h7xx_hal_spi.o
 .debug_info    0x0000000000025761     0x2478 Drivers/STM32H7xx_HAL_Driver/Src/stm32h7xx_hal_uart.o
 .debug_info    0x0000000000027bd9     0x1483 Drivers/STM32H7xx_HAL_Driver/Src/stm32h7xx_hal_uart_ex.o
 .debug_info    0x000000000002905c     0x156a Drivers/STM32H7xx_HAL_Driver/Src/stm32h7xx_ll_fmc.o
 .debug_info    0x000000000002a5c6     0x1b43 Drivers/STM32H7xx_HAL_Driver/Src/stm32h7xx_ll_sdmmc.o
 .debug_info    0x000000000002c109     0x227c Drivers/STM32H7xx_HAL_Driver/Src/stm32h7xx_ll_usb.o

.debug_abbrev   0x0000000000000000     0x460d
 .debug_abbrev  0x0000000000000000      0x2d1 Core/Src/main.o
 .debug_abbrev  0x00000000000002d1      0x2c2 Core/Src/stm32h7xx_hal_msp.o
 .debug_abbrev  0x0000000000000593      0x1c9 Core/Src/stm32h7xx_it.o
 .debug_abbrev  0x000000000000075c      0x21f Core/Src/system_stm32h7xx.o
 .debug_abbrev  0x000000000000097b       0x12 Core/Startup/startup_stm32h743zitx.o
 .debug_abbrev  0x000000000000098d      0x2db Drivers/STM32H7xx_HAL_Driver/Src/stm32h7xx_hal.o
 .debug_abbrev  0x0000000000000c68      0x3b5 Drivers/STM32H7xx_HAL_Driver/Src/stm32h7xx_hal_cortex.o
 .debug_abbrev  0x000000000000101d      0x28f Drivers/STM32H7xx_HAL_Driver/Src/stm32h7xx_hal_dma2d.o
 .debug_abbrev  0x00000000000012ac      0x28f Drivers/STM32H7xx_HAL_Driver/Src/stm32h7xx_hal_gpio.o
 .debug_abbrev  0x000000000000153b      0x2e3 Drivers/STM32H7xx_HAL_Driver/Src/stm32h7xx_hal_hcd.o
 .debug_abbrev  0x000000000000181e      0x2ac Drivers/STM32H7xx_HAL_Driver/Src/stm32h7xx_hal_i2c.o
 .debug_abbrev  0x0000000000001aca      0x266 Drivers/STM32H7xx_HAL_Driver/Src/stm32h7xx_hal_i2c_ex.o
 .debug_abbrev  0x0000000000001d30      0x2a3 Drivers/STM32H7xx_HAL_Driver/Src/stm32h7xx_hal_i2s.o
 .debug_abbrev  0x0000000000001fd3      0x2ad Drivers/STM32H7xx_HAL_Driver/Src/stm32h7xx_hal_ltdc.o
 .debug_abbrev  0x0000000000002280      0x2f4 Drivers/STM32H7xx_HAL_Driver/Src/stm32h7xx_hal_pcd.o
 .debug_abbrev  0x0000000000002574      0x2a2 Drivers/STM32H7xx_HAL_Driver/Src/stm32h7xx_hal_pcd_ex.o
 .debug_abbrev  0x0000000000002816      0x345 Drivers/STM32H7xx_HAL_Driver/Src/stm32h7xx_hal_pwr_ex.o
 .debug_abbrev  0x0000000000002b5b      0x2e2 Drivers/STM32H7xx_HAL_Driver/Src/stm32h7xx_hal_rcc.o
 .debug_abbrev  0x0000000000002e3d      0x2c3 Drivers/STM32H7xx_HAL_Driver/Src/stm32h7xx_hal_rcc_ex.o
 .debug_abbrev  0x0000000000003100      0x2bf Drivers/STM32H7xx_HAL_Driver/Src/stm32h7xx_hal_sd.o
 .debug_abbrev  0x00000000000033bf      0x28d Drivers/STM32H7xx_HAL_Driver/Src/stm32h7xx_hal_sdram.o
 .debug_abbrev  0x000000000000364c      0x2d5 Drivers/STM32H7xx_HAL_Driver/Src/stm32h7xx_hal_spi.o
 .debug_abbrev  0x0000000000003921      0x2ae Drivers/STM32H7xx_HAL_Driver/Src/stm32h7xx_hal_uart.o
 .debug_abbrev  0x0000000000003bcf      0x26f Drivers/STM32H7xx_HAL_Driver/Src/stm32h7xx_hal_uart_ex.o
 .debug_abbrev  0x0000000000003e3e      0x23f Drivers/STM32H7xx_HAL_Driver/Src/stm32h7xx_ll_fmc.o
 .debug_abbrev  0x000000000000407d      0x286 Drivers/STM32H7xx_HAL_Driver/Src/stm32h7xx_ll_sdmmc.o
 .debug_abbrev  0x0000000000004303      0x30a Drivers/STM32H7xx_HAL_Driver/Src/stm32h7xx_ll_usb.o

.debug_aranges  0x0000000000000000     0x1ba0
 .debug_aranges
                0x0000000000000000       0xb8 Core/Src/main.o
 .debug_aranges
                0x00000000000000b8       0xd0 Core/Src/stm32h7xx_hal_msp.o
 .debug_aranges
                0x0000000000000188       0x60 Core/Src/stm32h7xx_it.o
 .debug_aranges
                0x00000000000001e8       0x28 Core/Src/system_stm32h7xx.o
 .debug_aranges
                0x0000000000000210       0x28 Core/Startup/startup_stm32h743zitx.o
 .debug_aranges
                0x0000000000000238      0x1b8 Drivers/STM32H7xx_HAL_Driver/Src/stm32h7xx_hal.o
 .debug_aranges
                0x00000000000003f0      0x120 Drivers/STM32H7xx_HAL_Driver/Src/stm32h7xx_hal_cortex.o
 .debug_aranges
                0x0000000000000510      0x108 Drivers/STM32H7xx_HAL_Driver/Src/stm32h7xx_hal_dma2d.o
 .debug_aranges
                0x0000000000000618       0x58 Drivers/STM32H7xx_HAL_Driver/Src/stm32h7xx_hal_gpio.o
 .debug_aranges
                0x0000000000000670       0xf0 Drivers/STM32H7xx_HAL_Driver/Src/stm32h7xx_hal_hcd.o
 .debug_aranges
                0x0000000000000760      0x288 Drivers/STM32H7xx_HAL_Driver/Src/stm32h7xx_hal_i2c.o
 .debug_aranges
                0x00000000000009e8       0x48 Drivers/STM32H7xx_HAL_Driver/Src/stm32h7xx_hal_i2c_ex.o
 .debug_aranges
                0x0000000000000a30      0x110 Drivers/STM32H7xx_HAL_Driver/Src/stm32h7xx_hal_i2s.o
 .debug_aranges
                0x0000000000000b40      0x158 Drivers/STM32H7xx_HAL_Driver/Src/stm32h7xx_hal_ltdc.o
 .debug_aranges
                0x0000000000000c98      0x130 Drivers/STM32H7xx_HAL_Driver/Src/stm32h7xx_hal_pcd.o
 .debug_aranges
                0x0000000000000dc8       0x60 Drivers/STM32H7xx_HAL_Driver/Src/stm32h7xx_hal_pcd_ex.o
 .debug_aranges
                0x0000000000000e28      0x158 Drivers/STM32H7xx_HAL_Driver/Src/stm32h7xx_hal_pwr_ex.o
 .debug_aranges
                0x0000000000000f80       0x88 Drivers/STM32H7xx_HAL_Driver/Src/stm32h7xx_hal_rcc.o
 .debug_aranges
                0x0000000000001008       0xe0 Drivers/STM32H7xx_HAL_Driver/Src/stm32h7xx_hal_rcc_ex.o
 .debug_aranges
                0x00000000000010e8      0x188 Drivers/STM32H7xx_HAL_Driver/Src/stm32h7xx_hal_sd.o
 .debug_aranges
                0x0000000000001270       0xe8 Drivers/STM32H7xx_HAL_Driver/Src/stm32h7xx_hal_sdram.o
 .debug_aranges
                0x0000000000001358      0x1a0 Drivers/STM32H7xx_HAL_Driver/Src/stm32h7xx_hal_spi.o
 .debug_aranges
                0x00000000000014f8      0x230 Drivers/STM32H7xx_HAL_Driver/Src/stm32h7xx_hal_uart.o
 .debug_aranges
                0x0000000000001728       0x88 Drivers/STM32H7xx_HAL_Driver/Src/stm32h7xx_hal_uart_ex.o
 .debug_aranges
                0x00000000000017b0       0xc8 Drivers/STM32H7xx_HAL_Driver/Src/stm32h7xx_ll_fmc.o
 .debug_aranges
                0x0000000000001878      0x190 Drivers/STM32H7xx_HAL_Driver/Src/stm32h7xx_ll_sdmmc.o
 .debug_aranges
                0x0000000000001a08      0x198 Drivers/STM32H7xx_HAL_Driver/Src/stm32h7xx_ll_usb.o

.debug_ranges   0x0000000000000000     0x19f8
 .debug_ranges  0x0000000000000000       0xa8 Core/Src/main.o
 .debug_ranges  0x00000000000000a8       0xc0 Core/Src/stm32h7xx_hal_msp.o
 .debug_ranges  0x0000000000000168       0x50 Core/Src/stm32h7xx_it.o
 .debug_ranges  0x00000000000001b8       0x18 Core/Src/system_stm32h7xx.o
 .debug_ranges  0x00000000000001d0       0x20 Core/Startup/startup_stm32h743zitx.o
 .debug_ranges  0x00000000000001f0      0x1a8 Drivers/STM32H7xx_HAL_Driver/Src/stm32h7xx_hal.o
 .debug_ranges  0x0000000000000398      0x110 Drivers/STM32H7xx_HAL_Driver/Src/stm32h7xx_hal_cortex.o
 .debug_ranges  0x00000000000004a8       0xf8 Drivers/STM32H7xx_HAL_Driver/Src/stm32h7xx_hal_dma2d.o
 .debug_ranges  0x00000000000005a0       0x48 Drivers/STM32H7xx_HAL_Driver/Src/stm32h7xx_hal_gpio.o
 .debug_ranges  0x00000000000005e8       0xe0 Drivers/STM32H7xx_HAL_Driver/Src/stm32h7xx_hal_hcd.o
 .debug_ranges  0x00000000000006c8      0x278 Drivers/STM32H7xx_HAL_Driver/Src/stm32h7xx_hal_i2c.o
 .debug_ranges  0x0000000000000940       0x38 Drivers/STM32H7xx_HAL_Driver/Src/stm32h7xx_hal_i2c_ex.o
 .debug_ranges  0x0000000000000978      0x100 Drivers/STM32H7xx_HAL_Driver/Src/stm32h7xx_hal_i2s.o
 .debug_ranges  0x0000000000000a78      0x148 Drivers/STM32H7xx_HAL_Driver/Src/stm32h7xx_hal_ltdc.o
 .debug_ranges  0x0000000000000bc0      0x120 Drivers/STM32H7xx_HAL_Driver/Src/stm32h7xx_hal_pcd.o
 .debug_ranges  0x0000000000000ce0       0x50 Drivers/STM32H7xx_HAL_Driver/Src/stm32h7xx_hal_pcd_ex.o
 .debug_ranges  0x0000000000000d30      0x148 Drivers/STM32H7xx_HAL_Driver/Src/stm32h7xx_hal_pwr_ex.o
 .debug_ranges  0x0000000000000e78       0x78 Drivers/STM32H7xx_HAL_Driver/Src/stm32h7xx_hal_rcc.o
 .debug_ranges  0x0000000000000ef0       0xd0 Drivers/STM32H7xx_HAL_Driver/Src/stm32h7xx_hal_rcc_ex.o
 .debug_ranges  0x0000000000000fc0      0x178 Drivers/STM32H7xx_HAL_Driver/Src/stm32h7xx_hal_sd.o
 .debug_ranges  0x0000000000001138       0xd8 Drivers/STM32H7xx_HAL_Driver/Src/stm32h7xx_hal_sdram.o
 .debug_ranges  0x0000000000001210      0x190 Drivers/STM32H7xx_HAL_Driver/Src/stm32h7xx_hal_spi.o
 .debug_ranges  0x00000000000013a0      0x220 Drivers/STM32H7xx_HAL_Driver/Src/stm32h7xx_hal_uart.o
 .debug_ranges  0x00000000000015c0       0x78 Drivers/STM32H7xx_HAL_Driver/Src/stm32h7xx_hal_uart_ex.o
 .debug_ranges  0x0000000000001638       0xb8 Drivers/STM32H7xx_HAL_Driver/Src/stm32h7xx_ll_fmc.o
 .debug_ranges  0x00000000000016f0      0x180 Drivers/STM32H7xx_HAL_Driver/Src/stm32h7xx_ll_sdmmc.o
 .debug_ranges  0x0000000000001870      0x188 Drivers/STM32H7xx_HAL_Driver/Src/stm32h7xx_ll_usb.o

.debug_macro    0x0000000000000000    0x39d29
 .debug_macro   0x0000000000000000      0x34e Core/Src/main.o
 .debug_macro   0x000000000000034e      0xa66 Core/Src/main.o
 .debug_macro   0x0000000000000db4      0x1ff Core/Src/main.o
 .debug_macro   0x0000000000000fb3       0x2e Core/Src/main.o
 .debug_macro   0x0000000000000fe1       0x3b Core/Src/main.o
 .debug_macro   0x000000000000101c       0x22 Core/Src/main.o
 .debug_macro   0x000000000000103e       0x8e Core/Src/main.o
 .debug_macro   0x00000000000010cc       0x51 Core/Src/main.o
 .debug_macro   0x000000000000111d       0xef Core/Src/main.o
 .debug_macro   0x000000000000120c       0x6a Core/Src/main.o
 .debug_macro   0x0000000000001276      0x1df Core/Src/main.o
 .debug_macro   0x0000000000001455       0x1c Core/Src/main.o
 .debug_macro   0x0000000000001471       0x22 Core/Src/main.o
 .debug_macro   0x0000000000001493       0xdf Core/Src/main.o
 .debug_macro   0x0000000000001572     0x12cd Core/Src/main.o
 .debug_macro   0x000000000000283f      0x11f Core/Src/main.o
 .debug_macro   0x000000000000295e       0x19 Core/Src/main.o
 .debug_macro   0x0000000000002977    0x250ca Core/Src/main.o
 .debug_macro   0x0000000000027a41       0x43 Core/Src/main.o
 .debug_macro   0x0000000000027a84     0x3bd7 Core/Src/main.o
 .debug_macro   0x000000000002b65b      0x174 Core/Src/main.o
 .debug_macro   0x000000000002b7cf       0x46 Core/Src/main.o
 .debug_macro   0x000000000002b815       0x17 Core/Src/main.o
 .debug_macro   0x000000000002b82c       0x3c Core/Src/main.o
 .debug_macro   0x000000000002b868       0x34 Core/Src/main.o
 .debug_macro   0x000000000002b89c       0x52 Core/Src/main.o
 .debug_macro   0x000000000002b8ee       0x1f Core/Src/main.o
 .debug_macro   0x000000000002b90d       0x43 Core/Src/main.o
 .debug_macro   0x000000000002b950       0x20 Core/Src/main.o
 .debug_macro   0x000000000002b970      0x1a3 Core/Src/main.o
 .debug_macro   0x000000000002bb13      0x32a Core/Src/main.o
 .debug_macro   0x000000000002be3d      0x1e1 Core/Src/main.o
 .debug_macro   0x000000000002c01e       0x54 Core/Src/main.o
 .debug_macro   0x000000000002c072     0x23dd Core/Src/main.o
 .debug_macro   0x000000000002e44f      0xf3e Core/Src/main.o
 .debug_macro   0x000000000002f38d      0x146 Core/Src/main.o
 .debug_macro   0x000000000002f4d3      0x117 Core/Src/main.o
 .debug_macro   0x000000000002f5ea      0x362 Core/Src/main.o
 .debug_macro   0x000000000002f94c       0x27 Core/Src/main.o
 .debug_macro   0x000000000002f973      0x72d Core/Src/main.o
 .debug_macro   0x00000000000300a0      0x229 Core/Src/main.o
 .debug_macro   0x00000000000302c9       0x66 Core/Src/main.o
 .debug_macro   0x000000000003032f      0x39f Core/Src/main.o
 .debug_macro   0x00000000000306ce      0x25c Core/Src/main.o
 .debug_macro   0x000000000003092a      0x3e5 Core/Src/main.o
 .debug_macro   0x0000000000030d0f      0x275 Core/Src/main.o
 .debug_macro   0x0000000000030f84      0x3c6 Core/Src/main.o
 .debug_macro   0x000000000003134a      0x40f Core/Src/main.o
 .debug_macro   0x0000000000031759       0x51 Core/Src/main.o
 .debug_macro   0x00000000000317aa       0x4a Core/Src/main.o
 .debug_macro   0x00000000000317f4      0x22c Core/Src/main.o
 .debug_macro   0x0000000000031a20       0x58 Core/Src/main.o
 .debug_macro   0x0000000000031a78       0xa5 Core/Src/main.o
 .debug_macro   0x0000000000031b1d      0x23a Core/Src/main.o
 .debug_macro   0x0000000000031d57      0x198 Core/Src/main.o
 .debug_macro   0x0000000000031eef       0xd6 Core/Src/main.o
 .debug_macro   0x0000000000031fc5      0x165 Core/Src/main.o
 .debug_macro   0x000000000003212a      0x246 Core/Src/main.o
 .debug_macro   0x0000000000032370       0x35 Core/Src/main.o
 .debug_macro   0x00000000000323a5      0x814 Core/Src/main.o
 .debug_macro   0x0000000000032bb9       0x10 Core/Src/main.o
 .debug_macro   0x0000000000032bc9      0x1ce Core/Src/main.o
 .debug_macro   0x0000000000032d97      0x536 Core/Src/main.o
 .debug_macro   0x00000000000332cd      0x5dd Core/Src/main.o
 .debug_macro   0x00000000000338aa       0x9e Core/Src/main.o
 .debug_macro   0x0000000000033948      0x662 Core/Src/main.o
 .debug_macro   0x0000000000033faa       0xa6 Core/Src/main.o
 .debug_macro   0x0000000000034050      0x225 Core/Src/main.o
 .debug_macro   0x0000000000034275       0xd6 Core/Src/main.o
 .debug_macro   0x000000000003434b       0x6e Core/Src/main.o
 .debug_macro   0x00000000000343b9      0x57c Core/Src/main.o
 .debug_macro   0x0000000000034935      0x34e Core/Src/stm32h7xx_hal_msp.o
 .debug_macro   0x0000000000034c83      0x358 Core/Src/stm32h7xx_it.o
 .debug_macro   0x0000000000034fdb      0x34a Core/Src/system_stm32h7xx.o
 .debug_macro   0x0000000000035325      0x36e Drivers/STM32H7xx_HAL_Driver/Src/stm32h7xx_hal.o
 .debug_macro   0x0000000000035693      0x344 Drivers/STM32H7xx_HAL_Driver/Src/stm32h7xx_hal_cortex.o
 .debug_macro   0x00000000000359d7      0x353 Drivers/STM32H7xx_HAL_Driver/Src/stm32h7xx_hal_dma2d.o
 .debug_macro   0x0000000000035d2a      0x380 Drivers/STM32H7xx_HAL_Driver/Src/stm32h7xx_hal_gpio.o
 .debug_macro   0x00000000000360aa      0x344 Drivers/STM32H7xx_HAL_Driver/Src/stm32h7xx_hal_hcd.o
 .debug_macro   0x00000000000363ee      0x409 Drivers/STM32H7xx_HAL_Driver/Src/stm32h7xx_hal_i2c.o
 .debug_macro   0x00000000000367f7      0x344 Drivers/STM32H7xx_HAL_Driver/Src/stm32h7xx_hal_i2c_ex.o
 .debug_macro   0x0000000000036b3b      0x345 Drivers/STM32H7xx_HAL_Driver/Src/stm32h7xx_hal_i2s.o
 .debug_macro   0x0000000000036e80      0x345 Drivers/STM32H7xx_HAL_Driver/Src/stm32h7xx_hal_ltdc.o
 .debug_macro   0x00000000000371c5      0x350 Drivers/STM32H7xx_HAL_Driver/Src/stm32h7xx_hal_pcd.o
 .debug_macro   0x0000000000037515      0x344 Drivers/STM32H7xx_HAL_Driver/Src/stm32h7xx_hal_pcd_ex.o
 .debug_macro   0x0000000000037859      0x374 Drivers/STM32H7xx_HAL_Driver/Src/stm32h7xx_hal_pwr_ex.o
 .debug_macro   0x0000000000037bcd      0x368 Drivers/STM32H7xx_HAL_Driver/Src/stm32h7xx_hal_rcc.o
 .debug_macro   0x0000000000037f35      0x362 Drivers/STM32H7xx_HAL_Driver/Src/stm32h7xx_hal_rcc_ex.o
 .debug_macro   0x0000000000038297      0x34c Drivers/STM32H7xx_HAL_Driver/Src/stm32h7xx_hal_sd.o
 .debug_macro   0x00000000000385e3      0x344 Drivers/STM32H7xx_HAL_Driver/Src/stm32h7xx_hal_sdram.o
 .debug_macro   0x0000000000038927      0x34c Drivers/STM32H7xx_HAL_Driver/Src/stm32h7xx_hal_spi.o
 .debug_macro   0x0000000000038c73      0x36f Drivers/STM32H7xx_HAL_Driver/Src/stm32h7xx_hal_uart.o
 .debug_macro   0x0000000000038fe2      0x350 Drivers/STM32H7xx_HAL_Driver/Src/stm32h7xx_hal_uart_ex.o
 .debug_macro   0x0000000000039332      0x36e Drivers/STM32H7xx_HAL_Driver/Src/stm32h7xx_ll_fmc.o
 .debug_macro   0x00000000000396a0      0x345 Drivers/STM32H7xx_HAL_Driver/Src/stm32h7xx_ll_sdmmc.o
 .debug_macro   0x00000000000399e5      0x344 Drivers/STM32H7xx_HAL_Driver/Src/stm32h7xx_ll_usb.o

.debug_line     0x0000000000000000    0x19637
 .debug_line    0x0000000000000000      0xcff Core/Src/main.o
 .debug_line    0x0000000000000cff      0xc9e Core/Src/stm32h7xx_hal_msp.o
 .debug_line    0x000000000000199d      0xa5e Core/Src/stm32h7xx_it.o
 .debug_line    0x00000000000023fb      0x9fa Core/Src/system_stm32h7xx.o
 .debug_line    0x0000000000002df5       0x85 Core/Startup/startup_stm32h743zitx.o
 .debug_line    0x0000000000002e7a      0xdb7 Drivers/STM32H7xx_HAL_Driver/Src/stm32h7xx_hal.o
 .debug_line    0x0000000000003c31      0xcf6 Drivers/STM32H7xx_HAL_Driver/Src/stm32h7xx_hal_cortex.o
 .debug_line    0x0000000000004927      0xf39 Drivers/STM32H7xx_HAL_Driver/Src/stm32h7xx_hal_dma2d.o
 .debug_line    0x0000000000005860      0xbb1 Drivers/STM32H7xx_HAL_Driver/Src/stm32h7xx_hal_gpio.o
 .debug_line    0x0000000000006411      0xe3a Drivers/STM32H7xx_HAL_Driver/Src/stm32h7xx_hal_hcd.o
 .debug_line    0x000000000000724b     0x1fc5 Drivers/STM32H7xx_HAL_Driver/Src/stm32h7xx_hal_i2c.o
 .debug_line    0x0000000000009210      0xafe Drivers/STM32H7xx_HAL_Driver/Src/stm32h7xx_hal_i2c_ex.o
 .debug_line    0x0000000000009d0e      0xe43 Drivers/STM32H7xx_HAL_Driver/Src/stm32h7xx_hal_i2s.o
 .debug_line    0x000000000000ab51     0x1291 Drivers/STM32H7xx_HAL_Driver/Src/stm32h7xx_hal_ltdc.o
 .debug_line    0x000000000000bde2      0xf3b Drivers/STM32H7xx_HAL_Driver/Src/stm32h7xx_hal_pcd.o
 .debug_line    0x000000000000cd1d      0xaa5 Drivers/STM32H7xx_HAL_Driver/Src/stm32h7xx_hal_pcd_ex.o
 .debug_line    0x000000000000d7c2      0xd71 Drivers/STM32H7xx_HAL_Driver/Src/stm32h7xx_hal_pwr_ex.o
 .debug_line    0x000000000000e533      0xd2b Drivers/STM32H7xx_HAL_Driver/Src/stm32h7xx_hal_rcc.o
 .debug_line    0x000000000000f25e      0xf89 Drivers/STM32H7xx_HAL_Driver/Src/stm32h7xx_hal_rcc_ex.o
 .debug_line    0x00000000000101e7     0x1442 Drivers/STM32H7xx_HAL_Driver/Src/stm32h7xx_hal_sd.o
 .debug_line    0x0000000000011629      0xdc1 Drivers/STM32H7xx_HAL_Driver/Src/stm32h7xx_hal_sdram.o
 .debug_line    0x00000000000123ea     0x1415 Drivers/STM32H7xx_HAL_Driver/Src/stm32h7xx_hal_spi.o
 .debug_line    0x00000000000137ff     0x26c9 Drivers/STM32H7xx_HAL_Driver/Src/stm32h7xx_hal_uart.o
 .debug_line    0x0000000000015ec8      0xc29 Drivers/STM32H7xx_HAL_Driver/Src/stm32h7xx_hal_uart_ex.o
 .debug_line    0x0000000000016af1      0xbbe Drivers/STM32H7xx_HAL_Driver/Src/stm32h7xx_ll_fmc.o
 .debug_line    0x00000000000176af      0xea8 Drivers/STM32H7xx_HAL_Driver/Src/stm32h7xx_ll_sdmmc.o
 .debug_line    0x0000000000018557     0x10e0 Drivers/STM32H7xx_HAL_Driver/Src/stm32h7xx_ll_usb.o

.debug_str      0x0000000000000000   0x167e15
 .debug_str     0x0000000000000000   0x16061d Core/Src/main.o
                                     0x160dba (size before relaxing)
 .debug_str     0x000000000016061d      0x251 Core/Src/stm32h7xx_hal_msp.o
                                     0x16073c (size before relaxing)
 .debug_str     0x000000000016086e       0xbd Core/Src/stm32h7xx_it.o
                                     0x15e81c (size before relaxing)
 .debug_str     0x000000000016092b       0xda Core/Src/system_stm32h7xx.o
                                     0x15eb6f (size before relaxing)
 .debug_str     0x0000000000160a05       0x36 Core/Startup/startup_stm32h743zitx.o
                                         0x75 (size before relaxing)
 .debug_str     0x0000000000160a3b      0xf66 Drivers/STM32H7xx_HAL_Driver/Src/stm32h7xx_hal.o
                                     0x15fb30 (size before relaxing)
 .debug_str     0x00000000001619a1      0x395 Drivers/STM32H7xx_HAL_Driver/Src/stm32h7xx_hal_cortex.o
                                     0x15f5dc (size before relaxing)
 .debug_str     0x0000000000161d36      0x37e Drivers/STM32H7xx_HAL_Driver/Src/stm32h7xx_hal_dma2d.o
                                     0x15efdf (size before relaxing)
 .debug_str     0x00000000001620b4      0x21b Drivers/STM32H7xx_HAL_Driver/Src/stm32h7xx_hal_gpio.o
                                     0x15ed74 (size before relaxing)
 .debug_str     0x00000000001622cf      0x382 Drivers/STM32H7xx_HAL_Driver/Src/stm32h7xx_hal_hcd.o
                                     0x15ef83 (size before relaxing)
 .debug_str     0x0000000000162651      0xd2a Drivers/STM32H7xx_HAL_Driver/Src/stm32h7xx_hal_i2c.o
                                     0x15fbbb (size before relaxing)
 .debug_str     0x000000000016337b       0xb8 Drivers/STM32H7xx_HAL_Driver/Src/stm32h7xx_hal_i2c_ex.o
                                     0x15f0af (size before relaxing)
 .debug_str     0x0000000000163433      0x2b2 Drivers/STM32H7xx_HAL_Driver/Src/stm32h7xx_hal_i2s.o
                                     0x15ef91 (size before relaxing)
 .debug_str     0x00000000001636e5      0x47b Drivers/STM32H7xx_HAL_Driver/Src/stm32h7xx_hal_ltdc.o
                                     0x15ef2a (size before relaxing)
 .debug_str     0x0000000000163b60      0x4e8 Drivers/STM32H7xx_HAL_Driver/Src/stm32h7xx_hal_pcd.o
                                     0x15f0d4 (size before relaxing)
 .debug_str     0x0000000000164048      0x1b4 Drivers/STM32H7xx_HAL_Driver/Src/stm32h7xx_hal_pcd_ex.o
                                     0x15ed4d (size before relaxing)
 .debug_str     0x00000000001641fc      0x66e Drivers/STM32H7xx_HAL_Driver/Src/stm32h7xx_hal_pwr_ex.o
                                     0x15f112 (size before relaxing)
 .debug_str     0x000000000016486a      0x36e Drivers/STM32H7xx_HAL_Driver/Src/stm32h7xx_hal_rcc.o
                                     0x15efd1 (size before relaxing)
 .debug_str     0x0000000000164bd8      0x603 Drivers/STM32H7xx_HAL_Driver/Src/stm32h7xx_hal_rcc_ex.o
                                     0x15f3a8 (size before relaxing)
 .debug_str     0x00000000001651db      0x7a1 Drivers/STM32H7xx_HAL_Driver/Src/stm32h7xx_hal_sd.o
                                     0x15f3a4 (size before relaxing)
 .debug_str     0x000000000016597c      0x2f9 Drivers/STM32H7xx_HAL_Driver/Src/stm32h7xx_hal_sdram.o
                                     0x15f01d (size before relaxing)
 .debug_str     0x0000000000165c75      0x4bc Drivers/STM32H7xx_HAL_Driver/Src/stm32h7xx_hal_spi.o
                                     0x15f2a4 (size before relaxing)
 .debug_str     0x0000000000166131      0x92b Drivers/STM32H7xx_HAL_Driver/Src/stm32h7xx_hal_uart.o
                                     0x15f92b (size before relaxing)
 .debug_str     0x0000000000166a5c      0x28d Drivers/STM32H7xx_HAL_Driver/Src/stm32h7xx_hal_uart_ex.o
                                     0x15ef73 (size before relaxing)
 .debug_str     0x0000000000166ce9      0x81d Drivers/STM32H7xx_HAL_Driver/Src/stm32h7xx_ll_fmc.o
                                     0x15f203 (size before relaxing)
 .debug_str     0x0000000000167506      0x48d Drivers/STM32H7xx_HAL_Driver/Src/stm32h7xx_ll_sdmmc.o
                                     0x15ee0a (size before relaxing)
 .debug_str     0x0000000000167993      0x482 Drivers/STM32H7xx_HAL_Driver/Src/stm32h7xx_ll_usb.o
                                     0x15f23f (size before relaxing)

.comment        0x0000000000000000       0x7b
 .comment       0x0000000000000000       0x7b Core/Src/main.o
                                         0x7c (size before relaxing)
 .comment       0x000000000000007b       0x7c Core/Src/stm32h7xx_hal_msp.o
 .comment       0x000000000000007b       0x7c Core/Src/stm32h7xx_it.o
 .comment       0x000000000000007b       0x7c Core/Src/system_stm32h7xx.o
 .comment       0x000000000000007b       0x7c Drivers/STM32H7xx_HAL_Driver/Src/stm32h7xx_hal.o
 .comment       0x000000000000007b       0x7c Drivers/STM32H7xx_HAL_Driver/Src/stm32h7xx_hal_cortex.o
 .comment       0x000000000000007b       0x7c Drivers/STM32H7xx_HAL_Driver/Src/stm32h7xx_hal_dma2d.o
 .comment       0x000000000000007b       0x7c Drivers/STM32H7xx_HAL_Driver/Src/stm32h7xx_hal_gpio.o
 .comment       0x000000000000007b       0x7c Drivers/STM32H7xx_HAL_Driver/Src/stm32h7xx_hal_hcd.o
 .comment       0x000000000000007b       0x7c Drivers/STM32H7xx_HAL_Driver/Src/stm32h7xx_hal_i2c.o
 .comment       0x000000000000007b       0x7c Drivers/STM32H7xx_HAL_Driver/Src/stm32h7xx_hal_i2c_ex.o
 .comment       0x000000000000007b       0x7c Drivers/STM32H7xx_HAL_Driver/Src/stm32h7xx_hal_i2s.o
 .comment       0x000000000000007b       0x7c Drivers/STM32H7xx_HAL_Driver/Src/stm32h7xx_hal_ltdc.o
 .comment       0x000000000000007b       0x7c Drivers/STM32H7xx_HAL_Driver/Src/stm32h7xx_hal_pcd.o
 .comment       0x000000000000007b       0x7c Drivers/STM32H7xx_HAL_Driver/Src/stm32h7xx_hal_pcd_ex.o
 .comment       0x000000000000007b       0x7c Drivers/STM32H7xx_HAL_Driver/Src/stm32h7xx_hal_pwr_ex.o
 .comment       0x000000000000007b       0x7c Drivers/STM32H7xx_HAL_Driver/Src/stm32h7xx_hal_rcc.o
 .comment       0x000000000000007b       0x7c Drivers/STM32H7xx_HAL_Driver/Src/stm32h7xx_hal_rcc_ex.o
 .comment       0x000000000000007b       0x7c Drivers/STM32H7xx_HAL_Driver/Src/stm32h7xx_hal_sd.o
 .comment       0x000000000000007b       0x7c Drivers/STM32H7xx_HAL_Driver/Src/stm32h7xx_hal_sdram.o
 .comment       0x000000000000007b       0x7c Drivers/STM32H7xx_HAL_Driver/Src/stm32h7xx_hal_spi.o
 .comment       0x000000000000007b       0x7c Drivers/STM32H7xx_HAL_Driver/Src/stm32h7xx_hal_uart.o
 .comment       0x000000000000007b       0x7c Drivers/STM32H7xx_HAL_Driver/Src/stm32h7xx_hal_uart_ex.o
 .comment       0x000000000000007b       0x7c Drivers/STM32H7xx_HAL_Driver/Src/stm32h7xx_ll_fmc.o
 .comment       0x000000000000007b       0x7c Drivers/STM32H7xx_HAL_Driver/Src/stm32h7xx_ll_sdmmc.o
 .comment       0x000000000000007b       0x7c Drivers/STM32H7xx_HAL_Driver/Src/stm32h7xx_ll_usb.o

.debug_frame    0x0000000000000000     0x7790
 .debug_frame   0x0000000000000000      0x27c Core/Src/main.o
 .debug_frame   0x000000000000027c      0x354 Core/Src/stm32h7xx_hal_msp.o
 .debug_frame   0x00000000000005d0      0x10c Core/Src/stm32h7xx_it.o
 .debug_frame   0x00000000000006dc       0x58 Core/Src/system_stm32h7xx.o
 .debug_frame   0x0000000000000734      0x708 Drivers/STM32H7xx_HAL_Driver/Src/stm32h7xx_hal.o
 .debug_frame   0x0000000000000e3c      0x4b8 Drivers/STM32H7xx_HAL_Driver/Src/stm32h7xx_hal_cortex.o
 .debug_frame   0x00000000000012f4      0x490 Drivers/STM32H7xx_HAL_Driver/Src/stm32h7xx_hal_dma2d.o
 .debug_frame   0x0000000000001784      0x14c Drivers/STM32H7xx_HAL_Driver/Src/stm32h7xx_hal_gpio.o
 .debug_frame   0x00000000000018d0      0x424 Drivers/STM32H7xx_HAL_Driver/Src/stm32h7xx_hal_hcd.o
 .debug_frame   0x0000000000001cf4      0xbcc Drivers/STM32H7xx_HAL_Driver/Src/stm32h7xx_hal_i2c.o
 .debug_frame   0x00000000000028c0      0x100 Drivers/STM32H7xx_HAL_Driver/Src/stm32h7xx_hal_i2c_ex.o
 .debug_frame   0x00000000000029c0      0x4a4 Drivers/STM32H7xx_HAL_Driver/Src/stm32h7xx_hal_i2s.o
 .debug_frame   0x0000000000002e64      0x61c Drivers/STM32H7xx_HAL_Driver/Src/stm32h7xx_hal_ltdc.o
 .debug_frame   0x0000000000003480      0x548 Drivers/STM32H7xx_HAL_Driver/Src/stm32h7xx_hal_pcd.o
 .debug_frame   0x00000000000039c8      0x174 Drivers/STM32H7xx_HAL_Driver/Src/stm32h7xx_hal_pcd_ex.o
 .debug_frame   0x0000000000003b3c      0x580 Drivers/STM32H7xx_HAL_Driver/Src/stm32h7xx_hal_pwr_ex.o
 .debug_frame   0x00000000000040bc      0x1ec Drivers/STM32H7xx_HAL_Driver/Src/stm32h7xx_hal_rcc.o
 .debug_frame   0x00000000000042a8      0x390 Drivers/STM32H7xx_HAL_Driver/Src/stm32h7xx_hal_rcc_ex.o
 .debug_frame   0x0000000000004638      0x6fc Drivers/STM32H7xx_HAL_Driver/Src/stm32h7xx_hal_sd.o
 .debug_frame   0x0000000000004d34      0x3f0 Drivers/STM32H7xx_HAL_Driver/Src/stm32h7xx_hal_sdram.o
 .debug_frame   0x0000000000005124      0x778 Drivers/STM32H7xx_HAL_Driver/Src/stm32h7xx_hal_spi.o
 .debug_frame   0x000000000000589c      0xa0c Drivers/STM32H7xx_HAL_Driver/Src/stm32h7xx_hal_uart.o
 .debug_frame   0x00000000000062a8      0x22c Drivers/STM32H7xx_HAL_Driver/Src/stm32h7xx_hal_uart_ex.o
 .debug_frame   0x00000000000064d4      0x37c Drivers/STM32H7xx_HAL_Driver/Src/stm32h7xx_ll_fmc.o
 .debug_frame   0x0000000000006850      0x704 Drivers/STM32H7xx_HAL_Driver/Src/stm32h7xx_ll_sdmmc.o
 .debug_frame   0x0000000000006f54      0x790 Drivers/STM32H7xx_HAL_Driver/Src/stm32h7xx_ll_usb.o
 .debug_frame   0x00000000000076e4       0x2c /home/lauren/Downloads/stm32cubeide_1.1.0/plugins/com.st.stm32cube.ide.mcu.externaltools.gnu-tools-for-stm32.7-2018-q2-update.linux64_1.0.0.201904181610/tools/bin/../lib/gcc/arm-none-eabi/7.3.1/../../../../arm-none-eabi/lib/thumb/v7e-m/fpv5/hard/libc_nano.a(lib_a-init.o)
 .debug_frame   0x0000000000007710       0x20 /home/lauren/Downloads/stm32cubeide_1.1.0/plugins/com.st.stm32cube.ide.mcu.externaltools.gnu-tools-for-stm32.7-2018-q2-update.linux64_1.0.0.201904181610/tools/bin/../lib/gcc/arm-none-eabi/7.3.1/../../../../arm-none-eabi/lib/thumb/v7e-m/fpv5/hard/libc_nano.a(lib_a-memset.o)
 .debug_frame   0x0000000000007730       0x2c /home/lauren/Downloads/stm32cubeide_1.1.0/plugins/com.st.stm32cube.ide.mcu.externaltools.gnu-tools-for-stm32.7-2018-q2-update.linux64_1.0.0.201904181610/tools/bin/../lib/gcc/arm-none-eabi/7.3.1/thumb/v7e-m/fpv5/hard/libgcc.a(_aeabi_uldivmod.o)
 .debug_frame   0x000000000000775c       0x34 /home/lauren/Downloads/stm32cubeide_1.1.0/plugins/com.st.stm32cube.ide.mcu.externaltools.gnu-tools-for-stm32.7-2018-q2-update.linux64_1.0.0.201904181610/tools/bin/../lib/gcc/arm-none-eabi/7.3.1/thumb/v7e-m/fpv5/hard/libgcc.a(_udivmoddi4.o)
