core_cm7.h:2229:22:SCB_EnableICache	4	static,ignoring_inline_asm
core_cm7.h:2281:22:SCB_EnableDCache	24	static,ignoring_inline_asm
main.c:102:5:main	8	static
main.c:166:6:SystemClock_Config	312	static
main.c:256:13:MX_DMA2D_Init	8	static
main.c:294:13:MX_I2C1_Init	8	static
main.c:340:13:MX_I2C4_Init	8	static
main.c:386:13:MX_I2S3_Init	8	static
main.c:422:13:MX_LTDC_Init	112	static
main.c:504:13:MX_SDMMC1_SD_Init	8	static
main.c:535:13:MX_SPI1_Init	8	static
main.c:583:13:MX_SPI2_Init	8	static
main.c:631:13:MX_SPI4_Init	8	static
main.c:679:13:MX_USART2_UART_Init	8	static
main.c:727:13:MX_USART3_UART_Init	8	static
main.c:775:13:MX_USB_OTG_FS_PCD_Init	8	static
main.c:811:13:MX_USB_OTG_HS_HCD_Init	8	static
main.c:840:13:MX_FMC_Init	40	static
main.c:891:13:MX_GPIO_Init	40	static
main.c:913:6:Error_Handler	4	static
