stm32h7xx_hal_msp.c:64:6:HAL_MspInit	16	static
stm32h7xx_hal_msp.c:85:6:HAL_DMA2D_MspInit	24	static
stm32h7xx_hal_msp.c:107:6:HAL_DMA2D_MspDeInit	16	static
stm32h7xx_hal_msp.c:129:6:HAL_I2C_MspInit	56	static
stm32h7xx_hal_msp.c:189:6:HAL_I2C_MspDeInit	16	static
stm32h7xx_hal_msp.c:236:6:HAL_I2S_MspInit	48	static
stm32h7xx_hal_msp.c:289:6:HAL_I2S_MspDeInit	16	static
stm32h7xx_hal_msp.c:322:6:HAL_LTDC_MspInit	72	static
stm32h7xx_hal_msp.c:441:6:HAL_LTDC_MspDeInit	16	static
stm32h7xx_hal_msp.c:511:6:HAL_SD_MspInit	48	static
stm32h7xx_hal_msp.c:560:6:HAL_SD_MspDeInit	16	static
stm32h7xx_hal_msp.c:596:6:HAL_SPI_MspInit	72	static
stm32h7xx_hal_msp.c:699:6:HAL_SPI_MspDeInit	16	static
stm32h7xx_hal_msp.c:771:6:HAL_UART_MspInit	56	static
stm32h7xx_hal_msp.c:831:6:HAL_UART_MspDeInit	16	static
stm32h7xx_hal_msp.c:878:6:HAL_PCD_MspInit	48	static
stm32h7xx_hal_msp.c:914:6:HAL_HCD_MspInit	48	static
stm32h7xx_hal_msp.c:956:6:HAL_PCD_MspDeInit	16	static
stm32h7xx_hal_msp.c:985:6:HAL_HCD_MspDeInit	16	static
stm32h7xx_hal_msp.c:1011:13:HAL_FMC_MspInit	32	static
stm32h7xx_hal_msp.c:1101:6:HAL_SDRAM_MspInit	16	static
stm32h7xx_hal_msp.c:1113:13:HAL_FMC_MspDeInit	8	static
stm32h7xx_hal_msp.c:1171:6:HAL_SDRAM_MspDeInit	16	static
