stm32h7xx_hal_dma2d.c:237:19:HAL_DMA2D_Init	16	static
stm32h7xx_hal_dma2d.c:309:19:HAL_DMA2D_DeInit	16	static
stm32h7xx_hal_dma2d.c:399:13:HAL_DMA2D_MspInit	16	static
stm32h7xx_hal_dma2d.c:415:13:HAL_DMA2D_MspDeInit	16	static
stm32h7xx_hal_dma2d.c:669:19:HAL_DMA2D_Start	32	static
stm32h7xx_hal_dma2d.c:703:19:HAL_DMA2D_Start_IT	32	static
stm32h7xx_hal_dma2d.c:738:19:HAL_DMA2D_BlendingStart	32	static
stm32h7xx_hal_dma2d.c:773:19:HAL_DMA2D_BlendingStart_IT	32	static
stm32h7xx_hal_dma2d.c:806:19:HAL_DMA2D_Abort	24	static
stm32h7xx_hal_dma2d.c:855:19:HAL_DMA2D_Suspend	24	static
stm32h7xx_hal_dma2d.c:904:19:HAL_DMA2D_Resume	16	static
stm32h7xx_hal_dma2d.c:932:19:HAL_DMA2D_EnableCLUT	16	static
stm32h7xx_hal_dma2d.c:970:19:HAL_DMA2D_CLUTLoad	24	static
stm32h7xx_hal_dma2d.c:1024:19:HAL_DMA2D_CLUTLoad_IT	24	static
stm32h7xx_hal_dma2d.c:1082:19:HAL_DMA2D_CLUTLoading_Abort	24	static
stm32h7xx_hal_dma2d.c:1139:19:HAL_DMA2D_CLUTLoading_Suspend	32	static
stm32h7xx_hal_dma2d.c:1200:19:HAL_DMA2D_CLUTLoading_Resume	16	static
stm32h7xx_hal_dma2d.c:1243:19:HAL_DMA2D_PollForTransfer	32	static
stm32h7xx_hal_dma2d.c:1371:6:HAL_DMA2D_IRQHandler	24	static
stm32h7xx_hal_dma2d.c:1541:13:HAL_DMA2D_LineEventCallback	16	static
stm32h7xx_hal_dma2d.c:1557:13:HAL_DMA2D_CLUTLoadingCpltCallback	16	static
stm32h7xx_hal_dma2d.c:1600:19:HAL_DMA2D_ConfigLayer	32	static
stm32h7xx_hal_dma2d.c:1704:19:HAL_DMA2D_ConfigCLUT	24	static
stm32h7xx_hal_dma2d.c:1758:19:HAL_DMA2D_ProgramLineEvent	16	static
stm32h7xx_hal_dma2d.c:1796:19:HAL_DMA2D_EnableDeadTime	16	static
stm32h7xx_hal_dma2d.c:1819:19:HAL_DMA2D_DisableDeadTime	16	static
stm32h7xx_hal_dma2d.c:1845:19:HAL_DMA2D_ConfigDeadTime	16	static
stm32h7xx_hal_dma2d.c:1890:24:HAL_DMA2D_GetState	16	static
stm32h7xx_hal_dma2d.c:1901:10:HAL_DMA2D_GetError	16	static
stm32h7xx_hal_dma2d.c:1929:13:DMA2D_SetConfig	48	static
